0 [label="120,157,158,159,160,161,213,221,323,377,378:3"]
0 -> 2
0 -> 0
0 -> 0
0 -> 0
0 -> 0
0 -> 2
0 -> 3
0 -> 1
0 -> 1
0 -> 0
0 -> 2
1 [label="2,26,68,222,324:3"]
1 -> 4
1 -> 4
1 -> 7
1 -> 7
1 -> 6
2 [label="80,103,121,162,173,192,248,253,258,379:3"]
2 -> 11
2 -> 8
2 -> 11
2 -> 9
2 -> 8
2 -> 10
2 -> 9
2 -> 9
2 -> 10
2 -> 9
3 [label="65,117,132,141,214,301,308,400,406:3"]
3 -> 12
3 -> 12
3 -> 14
3 -> 13
3 -> 14
3 -> 14
3 -> 13
3 -> 15
3 -> 14
4 [label="3,27,41,63,86,410:3"]
4 -> 17
4 -> 18
4 -> 18
4 -> 16
4 -> 62
4 -> 64
5 [label="5,18,180:3"]
5 -> 22
5 -> 20
5 -> 19
6 [label="55,60,138,229,305,325,339:3"]
6 -> 23
6 -> 23
6 -> 23
6 -> 26
6 -> 23
6 -> 23
6 -> 24
7 [label="69,166,183,210,223,395:3"]
7 -> 29
7 -> 30
7 -> 29
7 -> 27
7 -> 28
7 -> 29
8 [label="16,53,58,104,174,276,349:3"]
8 -> 32
8 -> 32
8 -> 32
8 -> 34
8 -> 33
8 -> 34
8 -> 34
9 [label="94,98,113,163,249,254,334,380:3"]
9 -> 38
9 -> 37
9 -> 37
9 -> 35
9 -> 36
9 -> 36
9 -> 37
9 -> 38
10 [label="48,176,193,259,268,328:3"]
10 -> 41
10 -> 42
10 -> 41
10 -> 41
10 -> 41
10 -> 41
11 [label="11,29,43,73,81,122,154,205,243:3"]
11 -> 45
11 -> 45
11 -> 44
11 -> 45
11 -> 45
11 -> 45
11 -> 43
11 -> 43
11 -> 46
12 [label="66,118,208,266,332,358:3"]
12 -> 47
12 -> 47
12 -> 48
12 -> 49
12 -> 49
12 -> 50
13 [label="142,309,367:3"]
13 -> 51
13 -> 52
13 -> 53
14 [label="106,133,215,263,278,302,360,407:3"]
14 -> 57
14 -> 57
14 -> 56
14 -> 55
14 -> 58
14 -> 55
14 -> 57
14 -> 55
15 [label="88,145,286,351,401:3"]
15 -> 60
15 -> 60
15 -> 60
15 -> 61
15 -> 61
16 [label="64,102,172,220,252,257,322,399:3"]
16 -> 3
16 -> 2
16 -> 2
16 -> 0
16 -> 2
16 -> 2
16 -> 0
16 -> 3
17 [label="4,40,137,165,182,338:3"]
17 -> 5
17 -> 4
17 -> 6
17 -> 7
17 -> 7
17 -> 6
18 [label="10,28,42,52,153,275:3"]
18 -> 11
18 -> 11
18 -> 11
18 -> 8
18 -> 11
18 -> 8
19 [label="152,181,219,251,256,274:3"]
19 -> 18
19 -> 17
19 -> 16
19 -> 16
19 -> 16
19 -> 18
20 [label="19,151,218,273,311:3"]
20 -> 22
20 -> 19
20 -> 19
20 -> 19
20 -> 21
21 [label="91,312,345,387:3"]
21 -> 23
21 -> 24
21 -> 25
21 -> 25
22 [label="6,20,36,148,237,364,384:3"]
22 -> 30
22 -> 29
22 -> 29
22 -> 28
22 -> 29
22 -> 27
22 -> 28
23 [label="46,56,61,92,115,139,306,326:3"]
23 -> 33
23 -> 33
23 -> 32
23 -> 33
23 -> 31
23 -> 31
23 -> 31
23 -> 33
24 [label="100,170,289,313,336,340:3"]
24 -> 35
24 -> 35
24 -> 38
24 -> 37
24 -> 35
24 -> 38
25 [label="110,315,346,369,388:3"]
25 -> 39
25 -> 42
25 -> 39
25 -> 41
25 -> 42
26 [label="127,201,230,355,373:3"]
26 -> 46
26 -> 46
26 -> 44
26 -> 43
26 -> 46
27 [label="96,211,241,365:3"]
27 -> 49
27 -> 47
27 -> 49
27 -> 50
28 [label="149,224,283,296,382,385:3"]
28 -> 52
28 -> 54
28 -> 51
28 -> 54
28 -> 52
28 -> 52
29 [label="21,37,70,184,226,238,342,396:3"]
29 -> 57
29 -> 56
29 -> 55
29 -> 57
29 -> 55
29 -> 56
29 -> 56
29 -> 56
30 [label="7,167,197,233,291,298:3"]
30 -> 60
30 -> 60
30 -> 61
30 -> 61
30 -> 61
30 -> 59
31 [label="116,140,191,247,307,405:3"]
31 -> 3
31 -> 3
31 -> 2
31 -> 2
31 -> 3
31 -> 3
32 [label="17,54,59,62,228,304,409:3"]
32 -> 5
32 -> 6
32 -> 6
32 -> 4
32 -> 6
32 -> 6
32 -> 4
33 [label="15,47,57,72,93,112,175,327,348:3"]
33 -> 8
33 -> 10
33 -> 8
33 -> 11
33 -> 9
33 -> 9
33 -> 10
33 -> 10
33 -> 8
34 [label="105,262,265,277,331,350:3"]
34 -> 14
34 -> 14
34 -> 12
34 -> 14
34 -> 12
34 -> 15
35 [label="39,51,101,136,164,171,321,337,398:3"]
35 -> 17
35 -> 18
35 -> 16
35 -> 17
35 -> 17
35 -> 16
35 -> 16
35 -> 17
35 -> 16
36 [label="217,236,250,255,344,363:3"]
36 -> 20
36 -> 22
36 -> 19
36 -> 19
36 -> 21
36 -> 22
37 [label="99,109,114,126,200,314,335,354,372:3"]
37 -> 24
37 -> 25
37 -> 23
37 -> 26
37 -> 26
37 -> 25
37 -> 24
37 -> 26
37 -> 26
38 [label="95,196,240,282,290,341,381:3"]
38 -> 27
38 -> 30
38 -> 27
38 -> 28
38 -> 30
38 -> 29
38 -> 28
39 [label="14,111,261,330,347,404:3"]
39 -> 33
39 -> 33
39 -> 34
39 -> 34
39 -> 33
39 -> 31
40 [label="50,108,125,135,195,320,362,371:3"]
40 -> 35
40 -> 37
40 -> 37
40 -> 35
40 -> 38
40 -> 35
40 -> 36
40 -> 37
41 [label="49,186,187,194,260,269,329,370:3"]
41 -> 40
41 -> 41
41 -> 42
41 -> 40
41 -> 39
41 -> 42
41 -> 39
41 -> 40
42 [label="23,32,177,188,270,316,389:3"]
42 -> 43
42 -> 46
42 -> 43
42 -> 45
42 -> 44
42 -> 46
42 -> 46
43 [label="24,78,84,155,178,206,356,393:3"]
43 -> 47
43 -> 47
43 -> 48
43 -> 47
43 -> 48
43 -> 50
43 -> 50
43 -> 48
44 [label="44,231,271,294:3"]
44 -> 53
44 -> 54
44 -> 52
44 -> 54
45 [label="12,30,74,76,82,123,189,280:3"]
45 -> 57
45 -> 57
45 -> 58
45 -> 58
45 -> 58
45 -> 57
45 -> 55
45 -> 56
46 [label="33,128,202,244,317,374,390:3"]
46 -> 60
46 -> 63
46 -> 59
46 -> 61
46 -> 61
46 -> 59
46 -> 61
47 [label="1,25,67,79,119,131,156,212,300,376:3"]
47 -> 1
47 -> 1
47 -> 1
47 -> 2
47 -> 0
47 -> 3
47 -> 0
47 -> 0
47 -> 3
47 -> 0
48 [label="85,179,209,394:3"]
48 -> 4
48 -> 5
48 -> 7
48 -> 7
49 [label="97,204,242,267,333:3"]
49 -> 9
49 -> 11
49 -> 11
49 -> 10
49 -> 9
50 [label="207,357,359,366:3"]
50 -> 12
50 -> 12
50 -> 14
50 -> 13
51 [label="9,143,284:3"]
51 -> 18
51 -> 62
51 -> 62
52 [label="35,90,147,150,272,310,383,386:3"]
52 -> 22
52 -> 21
52 -> 22
52 -> 20
52 -> 20
52 -> 20
52 -> 22
52 -> 21
53 [label="45,169,288,368:3"]
53 -> 23
53 -> 24
53 -> 24
53 -> 25
54 [label="225,232,295,297:3"]
54 -> 29
54 -> 30
54 -> 28
54 -> 30
55 [label="71,190,227,246,264,303,408:3"]
55 -> 33
55 -> 31
55 -> 32
55 -> 31
55 -> 34
55 -> 32
55 -> 32
56 [label="38,199,216,235,239,281,343,353,397:3"]
56 -> 35
56 -> 37
56 -> 36
56 -> 36
56 -> 38
56 -> 38
56 -> 36
56 -> 37
56 -> 35
57 [label="13,22,31,107,124,134,185,319,361,403:3"]
57 -> 39
57 -> 42
57 -> 42
57 -> 40
57 -> 40
57 -> 40
57 -> 41
57 -> 40
57 -> 40
57 -> 39
58 [label="75,77,83,279,293,392:3"]
58 -> 45
58 -> 43
58 -> 43
58 -> 45
58 -> 44
58 -> 43
59 [label="130,203,299,375:3"]
59 -> 47
59 -> 49
59 -> 47
59 -> 47
60 [label="8,34,89,146,168,287:3"]
60 -> 51
60 -> 52
60 -> 52
60 -> 52
60 -> 53
60 -> 53
61 [label="198,234,245,292,318,352,391,402:3"]
61 -> 56
61 -> 56
61 -> 55
61 -> 58
61 -> 57
61 -> 56
61 -> 58
61 -> 57
62 [label="87,144,285:3"]
62 -> 15
62 -> 15
62 -> 15
63 [label="129:3"]
63 -> 59
64 [label="411:3"]
