0 [label="64,157,223,380,422,423:3"]
0 -> 2
0 -> 1
0 -> 1
0 -> 2
0 -> 0
0 -> 3
1 [label="18,26,37,158,210,224,278,323,362,371:3"]
1 -> 5
1 -> 7
1 -> 7
1 -> 7
1 -> 7
1 -> 6
1 -> 4
1 -> 7
1 -> 4
1 -> 7
2 [label="55,65,190,202,206,381,405,432,436:3"]
2 -> 11
2 -> 8
2 -> 10
2 -> 10
2 -> 10
2 -> 8
2 -> 11
2 -> 11
2 -> 11
3 [label="103,196,293,424:3"]
3 -> 13
3 -> 13
3 -> 12
3 -> 14
4 [label="16,217,264,276,279,363,395:3"]
4 -> 16
4 -> 19
4 -> 18
4 -> 16
4 -> 19
4 -> 19
4 -> 18
5 [label="19,82,299,309,356:3"]
5 -> 21
5 -> 23
5 -> 21
5 -> 22
5 -> 20
6 [label="34,113,225,333:3"]
6 -> 24
6 -> 25
6 -> 27
6 -> 27
7 [label="23,27,38,45,97,159,211,248,251,324,372,386:3"]
7 -> 28
7 -> 31
7 -> 28
7 -> 31
7 -> 29
7 -> 30
7 -> 30
7 -> 28
7 -> 30
7 -> 30
7 -> 29
7 -> 31
8 [label="66,307,382,384:3"]
8 -> 34
8 -> 33
8 -> 34
8 -> 33
9 [label="68,125,132,178,231,359,377,397:3"]
9 -> 36
9 -> 37
9 -> 37
9 -> 35
9 -> 38
9 -> 35
9 -> 35
9 -> 36
10 [label="51,118,191,203,207,458:3"]
10 -> 41
10 -> 42
10 -> 40
10 -> 39
10 -> 39
10 -> 40
11 [label="6,56,181,266,296,406,433,437,449:3"]
11 -> 46
11 -> 44
11 -> 44
11 -> 46
11 -> 43
11 -> 46
11 -> 43
11 -> 46
11 -> 44
12 [label="41,43,73,89,91,111,136,138,185,215,294,369,393,456:3"]
12 -> 50
12 -> 48
12 -> 50
12 -> 50
12 -> 50
12 -> 48
12 -> 50
12 -> 50
12 -> 50
12 -> 48
12 -> 49
12 -> 47
12 -> 48
12 -> 49
13 [label="75,104,140,197,281,320,365:3"]
13 -> 52
13 -> 52
13 -> 53
13 -> 53
13 -> 52
13 -> 51
13 -> 53
14 [label="10,169,187,219,425:3"]
14 -> 57
14 -> 56
14 -> 55
14 -> 58
14 -> 58
15 [label="60,93,147,317,347:3"]
15 -> 61
15 -> 61
15 -> 61
15 -> 59
15 -> 62
16 [label="17,201,277,322,361,379:3"]
16 -> 1
16 -> 2
16 -> 1
16 -> 1
16 -> 1
16 -> 0
17 [label="15,22,263,275:3"]
17 -> 4
17 -> 7
17 -> 4
17 -> 4
18 [label="50,177,180,230,265,306,358,376,396:3"]
18 -> 10
18 -> 9
18 -> 11
18 -> 9
18 -> 11
18 -> 8
18 -> 9
18 -> 9
18 -> 9
19 [label="59,110,146,168,184,218,280,364:3"]
19 -> 15
19 -> 12
19 -> 15
19 -> 14
19 -> 12
19 -> 14
19 -> 13
19 -> 13
20 [label="21,109,176,262,357,375,469:3"]
20 -> 17
20 -> 19
20 -> 18
20 -> 17
20 -> 18
20 -> 18
20 -> 64
21 [label="20,106,107,108,238,239,300,301,399,443,468:3"]
21 -> 20
21 -> 21
21 -> 21
21 -> 20
21 -> 21
21 -> 22
21 -> 21
21 -> 23
21 -> 23
21 -> 22
21 -> 20
22 [label="70,240,288,310,444:3"]
22 -> 24
22 -> 25
22 -> 26
22 -> 26
22 -> 25
23 [label="77,83,152,172,283,302,400,461:3"]
23 -> 30
23 -> 31
23 -> 31
23 -> 30
23 -> 29
23 -> 31
23 -> 30
23 -> 31
24 [label="35,71,87,134,354,367:3"]
24 -> 32
24 -> 63
24 -> 63
24 -> 63
24 -> 33
24 -> 63
25 [label="114,163,199,241,271,273,286,445:3"]
25 -> 38
25 -> 38
25 -> 35
25 -> 38
25 -> 37
25 -> 35
25 -> 36
25 -> 38
26 [label="127,289,311,329,414,452:3"]
26 -> 42
26 -> 41
26 -> 40
26 -> 42
26 -> 40
26 -> 42
27 [label="142,226,314,334,351:3"]
27 -> 45
27 -> 46
27 -> 43
27 -> 44
27 -> 44
28 [label="24,39,116,194,249,345,447:3"]
28 -> 47
28 -> 50
28 -> 49
28 -> 47
28 -> 48
28 -> 50
28 -> 49
29 [label="98,284,373:3"]
29 -> 54
29 -> 53
29 -> 52
30 [label="78,100,160,173,212,233,252,325,337,401,417:3"]
30 -> 57
30 -> 55
30 -> 56
30 -> 56
30 -> 55
30 -> 58
30 -> 58
30 -> 58
30 -> 57
30 -> 57
30 -> 57
31 [label="28,46,84,153,165,243,303,387,390,411,429,462:3"]
31 -> 62
31 -> 61
31 -> 60
31 -> 62
31 -> 60
31 -> 61
31 -> 60
31 -> 60
31 -> 59
31 -> 60
31 -> 59
31 -> 62
32 [label="36,54,63,102,189,205,209,292,404:3"]
32 -> 1
32 -> 2
32 -> 0
32 -> 3
32 -> 2
32 -> 2
32 -> 1
32 -> 3
32 -> 2
33 [label="33,81,96,308,355,385:3"]
33 -> 6
33 -> 5
33 -> 7
33 -> 5
33 -> 5
33 -> 7
34 [label="67,131,383:3"]
34 -> 9
34 -> 9
34 -> 8
35 [label="49,145,179,200,274,360,378:3"]
35 -> 18
35 -> 19
35 -> 18
35 -> 16
35 -> 17
35 -> 16
35 -> 16
36 [label="69,171,175,237,287,398,460:3"]
36 -> 22
36 -> 23
36 -> 20
36 -> 21
36 -> 22
36 -> 21
36 -> 23
37 [label="126,133,162,272,313:3"]
37 -> 26
37 -> 24
37 -> 25
37 -> 25
37 -> 27
38 [label="115,164,193,232,242,416,446:3"]
38 -> 28
38 -> 31
38 -> 28
38 -> 30
38 -> 31
38 -> 30
38 -> 28
39 [label="53,80,204,208,291,403:3"]
39 -> 32
39 -> 33
39 -> 32
39 -> 32
39 -> 32
39 -> 32
40 [label="192,312,415,459:3"]
40 -> 38
40 -> 37
40 -> 38
40 -> 36
41 [label="52,290,339,340,341:3"]
41 -> 39
41 -> 39
41 -> 41
41 -> 41
41 -> 42
42 [label="12,119,128,330,342,419,453:3"]
42 -> 44
42 -> 46
42 -> 45
42 -> 43
42 -> 44
42 -> 43
42 -> 43
43 [label="123,221,246,297,315,331,420,434,454:3"]
43 -> 49
43 -> 47
43 -> 48
43 -> 48
43 -> 50
43 -> 48
43 -> 47
43 -> 47
43 -> 50
44 [label="13,57,150,182,327,335,343,352,427,441,450:3"]
44 -> 51
44 -> 51
44 -> 52
44 -> 51
44 -> 53
44 -> 54
44 -> 54
44 -> 53
44 -> 54
44 -> 52
44 -> 53
45 [label="129,143,235,254:3"]
45 -> 55
45 -> 56
45 -> 56
45 -> 58
46 [label="3,7,120,227,256,267,407,438:3"]
46 -> 59
46 -> 59
46 -> 61
46 -> 60
46 -> 62
46 -> 62
46 -> 62
46 -> 61
47 [label="25,156,195,222,370,421,431,435:3"]
47 -> 1
47 -> 0
47 -> 3
47 -> 0
47 -> 1
47 -> 0
47 -> 2
47 -> 2
48 [label="44,112,216,247,250,298,332,394:3"]
48 -> 7
48 -> 6
48 -> 4
48 -> 7
48 -> 7
48 -> 5
48 -> 6
48 -> 4
49 [label="5,117,124,295,448,457:3"]
49 -> 11
49 -> 10
49 -> 9
49 -> 11
49 -> 11
49 -> 10
50 [label="9,40,42,74,90,92,137,139,186,316,319,346,392,455:3"]
50 -> 14
50 -> 12
50 -> 12
50 -> 13
50 -> 12
50 -> 15
50 -> 12
50 -> 13
50 -> 14
50 -> 15
50 -> 13
50 -> 15
50 -> 12
50 -> 12
51 [label="14,58,167,183,229,305,321:3"]
51 -> 17
51 -> 19
51 -> 19
51 -> 19
51 -> 18
51 -> 18
51 -> 16
52 [label="76,105,151,261,282,374,442,467:3"]
52 -> 23
52 -> 21
52 -> 23
52 -> 20
52 -> 23
52 -> 20
52 -> 21
52 -> 21
53 [label="86,141,198,270,285,328,350,353,366,413,451:3"]
53 -> 24
53 -> 27
53 -> 25
53 -> 25
53 -> 25
53 -> 26
53 -> 27
53 -> 24
53 -> 24
53 -> 26
53 -> 26
54 [label="99,336,344,389,410,428:3"]
54 -> 30
54 -> 30
54 -> 28
54 -> 31
54 -> 31
54 -> 31
55 [label="32,62,95,101,130,188,213:3"]
55 -> 33
55 -> 32
55 -> 33
55 -> 32
55 -> 34
55 -> 32
55 -> 63
56 [label="48,144,161,170,174,236:3"]
56 -> 35
56 -> 35
56 -> 37
56 -> 36
56 -> 36
56 -> 36
57 [label="11,79,338,402,418:3"]
57 -> 42
57 -> 39
57 -> 41
57 -> 39
57 -> 42
58 [label="2,122,149,220,234,245,253,255,326,426,440:3"]
58 -> 46
58 -> 43
58 -> 44
58 -> 43
58 -> 45
58 -> 43
58 -> 45
58 -> 46
58 -> 44
58 -> 44
58 -> 44
59 [label="4,8,155,318,391,430:3"]
59 -> 49
59 -> 50
59 -> 47
59 -> 50
59 -> 50
59 -> 47
60 [label="85,166,228,260,269,304,349,388,409,412,466:3"]
60 -> 53
60 -> 51
60 -> 51
60 -> 52
60 -> 53
60 -> 51
60 -> 53
60 -> 54
60 -> 54
60 -> 53
60 -> 52
61 [label="1,31,47,61,94,121,148,244,439:3"]
61 -> 58
61 -> 55
61 -> 56
61 -> 55
61 -> 55
61 -> 58
61 -> 58
61 -> 58
61 -> 58
62 [label="29,30,154,257,258,259,268,348,408,463,464,465:3"]
62 -> 62
62 -> 61
62 -> 59
62 -> 62
62 -> 62
62 -> 60
62 -> 60
62 -> 60
62 -> 60
62 -> 62
62 -> 62
62 -> 60
63 [label="72,88,135,214,368:3"]
63 -> 12
63 -> 12
63 -> 12
63 -> 12
63 -> 12
64 [label="470:3"]
