0 [label="97,102,144,152,192,244,253,338,369,370,371,496,515,516,551,571,664,669,676,677,717,743,764,835,875,1001,1002:3"]
0 -> 1
0 -> 3
0 -> 3
0 -> 3
0 -> 2
0 -> 1
0 -> 1
0 -> 3
0 -> 0
0 -> 0
0 -> 2
0 -> 2
0 -> 0
0 -> 2
0 -> 1
0 -> 1
0 -> 2
0 -> 3
0 -> 0
0 -> 1
0 -> 1
0 -> 3
0 -> 3
0 -> 2
0 -> 1
0 -> 0
0 -> 3
1 [label="19,98,113,156,245,254,333,343,391,413,424,504,552,572,592,678,718,778,876,1088:3"]
1 -> 4
1 -> 7
1 -> 4
1 -> 5
1 -> 4
1 -> 5
1 -> 6
1 -> 4
1 -> 7
1 -> 7
1 -> 6
1 -> 6
1 -> 6
1 -> 5
1 -> 4
1 -> 5
1 -> 5
1 -> 6
1 -> 5
1 -> 6
2 [label="39,140,193,248,353,366,372,378,383,417,497,517,543,665,704,836,862,927,988,992,1038:3"]
2 -> 10
2 -> 11
2 -> 10
2 -> 11
2 -> 11
2 -> 8
2 -> 9
2 -> 11
2 -> 11
2 -> 10
2 -> 9
2 -> 8
2 -> 9
2 -> 9
2 -> 9
2 -> 8
2 -> 10
2 -> 10
2 -> 11
2 -> 9
2 -> 10
3 [label="2,64,103,145,153,189,201,317,339,458,476,526,670,733,744,765,773,817,830,1003:3"]
3 -> 15
3 -> 14
3 -> 13
3 -> 12
3 -> 12
3 -> 12
3 -> 13
3 -> 13
3 -> 15
3 -> 13
3 -> 12
3 -> 12
3 -> 13
3 -> 15
3 -> 14
3 -> 12
3 -> 12
3 -> 13
3 -> 12
3 -> 14
4 [label="20,114,148,246,308,344,541,593,601,808,822,883,902,970:3"]
4 -> 19
4 -> 19
4 -> 18
4 -> 16
4 -> 18
4 -> 18
4 -> 16
4 -> 17
4 -> 18
4 -> 19
4 -> 17
4 -> 18
4 -> 18
4 -> 18
5 [label="32,90,157,255,324,529,538,573,595,635,679,719,748,782,856,877,898,947,1093:3"]
5 -> 21
5 -> 22
5 -> 21
5 -> 20
5 -> 20
5 -> 20
5 -> 20
5 -> 22
5 -> 23
5 -> 23
5 -> 22
5 -> 20
5 -> 21
5 -> 23
5 -> 20
5 -> 21
5 -> 23
5 -> 22
5 -> 64
6 [label="8,68,173,278,327,334,425,483,505,553,661,694,725,779,824,859,1034,1054,1073,1089:3"]
6 -> 26
6 -> 27
6 -> 27
6 -> 26
6 -> 27
6 -> 27
6 -> 24
6 -> 24
6 -> 26
6 -> 25
6 -> 24
6 -> 27
6 -> 25
6 -> 24
6 -> 27
6 -> 24
6 -> 26
6 -> 25
6 -> 24
6 -> 26
7 [label="99,274,392,414,608,617,684,907,964,1031,1050:3"]
7 -> 28
7 -> 30
7 -> 30
7 -> 28
7 -> 29
7 -> 30
7 -> 30
7 -> 28
7 -> 30
7 -> 28
7 -> 29
8 [label="50,52,54,111,150,168,235,282,310,322,364,367,411,518,731,776,837:3"]
8 -> 34
8 -> 34
8 -> 34
8 -> 32
8 -> 32
8 -> 34
8 -> 35
8 -> 34
8 -> 35
8 -> 33
8 -> 32
8 -> 32
8 -> 32
8 -> 35
8 -> 32
8 -> 32
8 -> 35
9 [label="94,164,211,258,284,305,373,486,498,544,666,705,722,740,768,841,885,889,972,993,1042:3"]
9 -> 36
9 -> 38
9 -> 38
9 -> 38
9 -> 38
9 -> 36
9 -> 38
9 -> 36
9 -> 37
9 -> 37
9 -> 36
9 -> 38
9 -> 36
9 -> 36
9 -> 39
9 -> 37
9 -> 37
9 -> 38
9 -> 38
9 -> 38
9 -> 39
10 [label="40,45,194,350,406,418,470,489,561,627,863,904,928,1007,1039:3"]
10 -> 42
10 -> 42
10 -> 41
10 -> 40
10 -> 42
10 -> 41
10 -> 43
10 -> 40
10 -> 43
10 -> 41
10 -> 42
10 -> 40
10 -> 43
10 -> 40
10 -> 40
11 [label="56,141,170,249,346,354,379,384,548,603,932,989,1013,1061:3"]
11 -> 45
11 -> 44
11 -> 44
11 -> 46
11 -> 46
11 -> 45
11 -> 47
11 -> 45
11 -> 44
11 -> 44
11 -> 46
11 -> 44
11 -> 45
11 -> 47
12 [label="146,154,190,315,331,477,527,606,766,774,806,831,833,839,962,986,1048:3"]
12 -> 49
12 -> 48
12 -> 48
12 -> 48
12 -> 48
12 -> 51
12 -> 49
12 -> 49
12 -> 50
12 -> 50
12 -> 49
12 -> 51
12 -> 48
12 -> 50
12 -> 49
12 -> 48
12 -> 49
13 [label="77,104,202,318,358,459,479,671,818,922:3"]
13 -> 55
13 -> 55
13 -> 54
13 -> 54
13 -> 54
13 -> 53
13 -> 53
13 -> 55
13 -> 54
13 -> 55
14 [label="60,65,123,129,177,232,428,440,445,467,510,520,532,567,642,656,712,745,790,794,802,810,1004,1010,1065,1068,1076:3"]
14 -> 57
14 -> 56
14 -> 58
14 -> 57
14 -> 58
14 -> 56
14 -> 57
14 -> 57
14 -> 58
14 -> 56
14 -> 57
14 -> 58
14 -> 59
14 -> 58
14 -> 57
14 -> 58
14 -> 57
14 -> 56
14 -> 59
14 -> 59
14 -> 58
14 -> 59
14 -> 56
14 -> 56
14 -> 56
14 -> 59
14 -> 58
15 [label="3,22,116,119,237,263,312,340,433,492,734,787,814,910,955,1020:3"]
15 -> 63
15 -> 62
15 -> 60
15 -> 63
15 -> 61
15 -> 63
15 -> 60
15 -> 60
15 -> 63
15 -> 62
15 -> 63
15 -> 60
15 -> 60
15 -> 61
15 -> 63
15 -> 63
16 [label="18,63,96,247,390,423,542,668,703,742:3"]
16 -> 1
16 -> 3
16 -> 0
16 -> 2
16 -> 1
16 -> 1
16 -> 2
16 -> 0
16 -> 2
16 -> 0
17 [label="31,307,326,482,540,594,600,724,823,858,1030,1053:3"]
17 -> 5
17 -> 4
17 -> 6
17 -> 6
17 -> 4
17 -> 5
17 -> 4
17 -> 6
17 -> 6
17 -> 6
17 -> 7
17 -> 6
18 [label="44,49,149,210,257,309,345,488,547,602,626,721,739,884,888,903,971,1060:3"]
18 -> 10
18 -> 8
18 -> 8
18 -> 9
18 -> 9
18 -> 8
18 -> 11
18 -> 10
18 -> 11
18 -> 11
18 -> 10
18 -> 9
18 -> 9
18 -> 9
18 -> 9
18 -> 10
18 -> 9
18 -> 11
19 [label="21,59,115,262,357,432,439,531,566,711,786,801,809:3"]
19 -> 15
19 -> 14
19 -> 15
19 -> 15
19 -> 13
19 -> 15
19 -> 14
19 -> 14
19 -> 14
19 -> 14
19 -> 15
19 -> 14
19 -> 14
20 [label="256,325,431,481,530,539,546,625,720,857,887,1059:3"]
20 -> 18
20 -> 17
20 -> 19
20 -> 17
20 -> 19
20 -> 17
20 -> 18
20 -> 18
20 -> 18
20 -> 17
20 -> 18
20 -> 18
21 [label="33,34,134,158,206,582,611,624,749,750,843,878,879,940,979,980,981:3"]
21 -> 21
21 -> 23
21 -> 22
21 -> 23
21 -> 23
21 -> 23
21 -> 22
21 -> 20
21 -> 21
21 -> 23
21 -> 22
21 -> 21
21 -> 22
21 -> 22
21 -> 21
21 -> 21
21 -> 23
22 [label="91,135,299,574,612,680,844,880,941,948:3"]
22 -> 24
22 -> 26
22 -> 26
22 -> 27
22 -> 25
22 -> 27
22 -> 26
22 -> 24
22 -> 27
22 -> 25
23 [label="35,159,207,221,455,461,500,579,583,596,636,751,783,848,899,982,1024,1085:3"]
23 -> 31
23 -> 31
23 -> 29
23 -> 29
23 -> 28
23 -> 31
23 -> 30
23 -> 29
23 -> 31
23 -> 31
23 -> 31
23 -> 29
23 -> 29
23 -> 31
23 -> 28
23 -> 31
23 -> 31
23 -> 28
24 [label="75,88,92,166,320,426,443,484,536,559,662,692,715,780,820,828,860,881,920,953,968,1074:3"]
24 -> 35
24 -> 33
24 -> 34
24 -> 34
24 -> 34
24 -> 35
24 -> 35
24 -> 34
24 -> 33
24 -> 34
24 -> 32
24 -> 33
24 -> 32
24 -> 33
24 -> 33
24 -> 32
24 -> 32
24 -> 33
24 -> 35
24 -> 35
24 -> 33
24 -> 35
25 [label="16,132,204,260,554,613,726,949,951,974,1055,1057:3"]
25 -> 36
25 -> 37
25 -> 37
25 -> 36
25 -> 39
25 -> 39
25 -> 38
25 -> 38
25 -> 38
25 -> 38
25 -> 38
25 -> 37
26 [label="9,136,197,213,271,279,300,360,506,754,845,891,913,976,995,998,1016,1035,1090:3"]
26 -> 41
26 -> 42
26 -> 43
26 -> 43
26 -> 40
26 -> 40
26 -> 42
26 -> 43
26 -> 43
26 -> 41
26 -> 41
26 -> 42
26 -> 41
26 -> 41
26 -> 41
26 -> 40
26 -> 42
26 -> 40
26 -> 40
27 [label="69,174,182,185,217,224,286,292,328,335,375,575,630,681,695,707,728,825,869,942,1082:3"]
27 -> 45
27 -> 44
27 -> 45
27 -> 47
27 -> 47
27 -> 46
27 -> 47
27 -> 46
27 -> 44
27 -> 44
27 -> 44
27 -> 47
27 -> 45
27 -> 44
27 -> 47
27 -> 46
27 -> 44
27 -> 45
27 -> 47
27 -> 47
27 -> 45
28 [label="100,415,456,513,615,633,900,908,1032,1046,1086:3"]
28 -> 48
28 -> 48
28 -> 48
28 -> 48
28 -> 49
28 -> 49
28 -> 49
28 -> 51
28 -> 49
28 -> 51
28 -> 48
29 [label="208,222,269,421,451,453,580,609,622,752,784,916,918,1044,1051:3"]
29 -> 52
29 -> 54
29 -> 54
29 -> 52
29 -> 55
29 -> 53
29 -> 53
29 -> 53
29 -> 53
29 -> 54
29 -> 52
29 -> 55
29 -> 54
29 -> 55
29 -> 52
30 [label="12,26,72,79,84,229,275,393,397,501,589,618,645,673,685,757,761,924,965:3"]
30 -> 58
30 -> 59
30 -> 57
30 -> 59
30 -> 59
30 -> 56
30 -> 56
30 -> 59
30 -> 57
30 -> 56
30 -> 56
30 -> 59
30 -> 58
30 -> 56
30 -> 58
30 -> 58
30 -> 56
30 -> 56
30 -> 57
31 [label="36,106,160,240,387,400,462,556,584,597,637,689,770,849,983,1025:3"]
31 -> 60
31 -> 63
31 -> 62
31 -> 62
31 -> 61
31 -> 63
31 -> 62
31 -> 61
31 -> 62
31 -> 61
31 -> 63
31 -> 61
31 -> 60
31 -> 63
31 -> 60
31 -> 63
32 [label="1,112,139,151,243,252,352,365,368,412,475,495,503,570,591,663,675,716,732,763,777,829,861,926,1000,1037:3"]
32 -> 3
32 -> 1
32 -> 2
32 -> 0
32 -> 0
32 -> 0
32 -> 2
32 -> 2
32 -> 0
32 -> 1
32 -> 3
32 -> 0
32 -> 1
32 -> 0
32 -> 1
32 -> 0
32 -> 0
32 -> 0
32 -> 3
32 -> 0
32 -> 1
32 -> 3
32 -> 2
32 -> 2
32 -> 0
32 -> 2
33 [label="67,89,273,277,323,537,693,747,781,821,855,882,897,906,946,969,1092:3"]
33 -> 6
33 -> 5
33 -> 7
33 -> 6
33 -> 5
33 -> 5
33 -> 6
33 -> 5
33 -> 5
33 -> 4
33 -> 5
33 -> 4
33 -> 5
33 -> 7
33 -> 5
33 -> 4
33 -> 5
34 [label="51,53,55,93,163,167,169,234,281,283,304,321,349,405,410,469,485,560,1006,1012,1041:3"]
34 -> 8
34 -> 8
34 -> 11
34 -> 9
34 -> 9
34 -> 8
34 -> 11
34 -> 8
34 -> 8
34 -> 9
34 -> 9
34 -> 8
34 -> 10
34 -> 10
34 -> 8
34 -> 10
34 -> 9
34 -> 10
34 -> 10
34 -> 11
34 -> 9
35 [label="76,128,231,236,311,427,444,491,519,641,655,805,838,921,954,961,1009,1019,1067,1075:3"]
35 -> 13
35 -> 14
35 -> 14
35 -> 15
35 -> 15
35 -> 14
35 -> 14
35 -> 15
35 -> 14
35 -> 14
35 -> 14
35 -> 12
35 -> 12
35 -> 13
35 -> 15
35 -> 12
35 -> 14
35 -> 15
35 -> 14
35 -> 14
36 [label="17,43,48,62,95,261,306,438,487,667,710,723,741:3"]
36 -> 16
36 -> 18
36 -> 18
36 -> 16
36 -> 16
36 -> 19
36 -> 17
36 -> 19
36 -> 18
36 -> 16
36 -> 19
36 -> 17
36 -> 16
37 [label="133,205,430,499,545,842,847,886,978,1058:3"]
37 -> 21
37 -> 21
37 -> 20
37 -> 23
37 -> 20
37 -> 21
37 -> 23
37 -> 20
37 -> 21
37 -> 20
38 [label="15,74,131,165,196,212,259,285,374,442,629,706,714,727,890,950,952,967,973,975,994,997,1056,1081:3"]
38 -> 25
38 -> 24
38 -> 25
38 -> 24
38 -> 26
38 -> 26
38 -> 25
38 -> 27
38 -> 27
38 -> 24
38 -> 27
38 -> 27
38 -> 24
38 -> 27
38 -> 26
38 -> 25
38 -> 24
38 -> 24
38 -> 25
38 -> 26
38 -> 26
38 -> 26
38 -> 25
38 -> 27
39 [label="11,25,83,268,399,420,512,555,588,614,644,688,756,760,769,915,1043:3"]
39 -> 30
39 -> 30
39 -> 30
39 -> 29
39 -> 31
39 -> 29
39 -> 28
39 -> 31
39 -> 30
39 -> 28
39 -> 30
39 -> 31
39 -> 30
39 -> 30
39 -> 31
39 -> 29
39 -> 29
40 [label="127,138,272,280,303,351,404,409,490,569,804,905,960,999,1008,1018,1036,1040,1091:3"]
40 -> 35
40 -> 32
40 -> 33
40 -> 34
40 -> 34
40 -> 32
40 -> 34
40 -> 34
40 -> 35
40 -> 32
40 -> 35
40 -> 33
40 -> 35
40 -> 32
40 -> 35
40 -> 35
40 -> 32
40 -> 34
40 -> 33
41 [label="10,14,42,47,195,419,587,628,687,755,759,846,914,977,996:3"]
41 -> 39
41 -> 38
41 -> 36
41 -> 36
41 -> 38
41 -> 39
41 -> 39
41 -> 38
41 -> 39
41 -> 39
41 -> 39
41 -> 37
41 -> 39
41 -> 37
41 -> 38
42 [label="41,46,125,126,137,301,302,407,408,647,864,865,892,893,935,936,1017:3"]
42 -> 41
42 -> 41
42 -> 42
42 -> 40
42 -> 40
42 -> 42
42 -> 40
42 -> 42
42 -> 40
42 -> 43
42 -> 42
42 -> 43
42 -> 42
42 -> 43
42 -> 42
42 -> 43
42 -> 40
43 [label="179,198,214,361,447,471,507,522,562,648,651,658,798,866,894,929,937,1078:3"]
43 -> 45
43 -> 44
43 -> 45
43 -> 44
43 -> 47
43 -> 47
43 -> 44
43 -> 47
43 -> 47
43 -> 46
43 -> 47
43 -> 44
43 -> 45
43 -> 45
43 -> 46
43 -> 44
43 -> 45
43 -> 46
44 [label="142,171,175,199,329,336,362,376,465,508,549,604,659,682,729,792,812,930,990:3"]
44 -> 48
44 -> 49
44 -> 51
44 -> 48
44 -> 51
44 -> 48
44 -> 50
44 -> 48
44 -> 51
44 -> 51
44 -> 48
44 -> 51
44 -> 49
44 -> 49
44 -> 50
44 -> 51
44 -> 51
44 -> 50
44 -> 48
45 [label="57,70,86,180,183,215,227,290,297,355,385,395,534,620,631,799,826,867,938,1014,1083:3"]
45 -> 52
45 -> 55
45 -> 54
45 -> 54
45 -> 54
45 -> 54
45 -> 55
45 -> 54
45 -> 53
45 -> 52
45 -> 55
45 -> 55
45 -> 54
45 -> 55
45 -> 55
45 -> 52
45 -> 54
45 -> 54
45 -> 53
45 -> 54
45 -> 53
46 [label="81,225,250,293,295,347,649,708,796,853,895,933,1079:3"]
46 -> 57
46 -> 59
46 -> 56
46 -> 59
46 -> 59
46 -> 56
46 -> 58
46 -> 57
46 -> 58
46 -> 56
46 -> 56
46 -> 58
46 -> 57
47 [label="28,186,218,287,380,448,472,523,563,576,652,696,870,943,1062,1070:3"]
47 -> 61
47 -> 60
47 -> 61
47 -> 62
47 -> 60
47 -> 61
47 -> 62
47 -> 60
47 -> 61
47 -> 61
47 -> 62
47 -> 61
47 -> 63
47 -> 62
47 -> 60
47 -> 60
48 [label="38,101,143,155,188,191,200,316,332,337,342,377,382,416,457,514,525,550,772,816,834,874,987,991,1087:3"]
48 -> 2
48 -> 0
48 -> 0
48 -> 1
48 -> 3
48 -> 0
48 -> 3
48 -> 3
48 -> 1
48 -> 0
48 -> 1
48 -> 2
48 -> 2
48 -> 2
48 -> 3
48 -> 0
48 -> 3
48 -> 0
48 -> 3
48 -> 3
48 -> 0
48 -> 0
48 -> 2
48 -> 2
48 -> 1
49 [label="7,147,172,528,607,616,634,660,683,807,901,963,1033,1049,1072:3"]
49 -> 6
49 -> 4
49 -> 6
49 -> 5
49 -> 7
49 -> 7
49 -> 5
49 -> 6
49 -> 7
49 -> 4
49 -> 4
49 -> 7
49 -> 6
49 -> 7
49 -> 6
50 [label="110,363,730,767,775,840,931:3"]
50 -> 8
50 -> 8
50 -> 8
50 -> 9
50 -> 8
50 -> 9
50 -> 11
51 [label="118,122,176,314,330,466,478,509,605,789,793,813,832,909,985,1047,1064:3"]
51 -> 15
51 -> 14
51 -> 14
51 -> 12
51 -> 12
51 -> 14
51 -> 13
51 -> 14
51 -> 12
51 -> 14
51 -> 14
51 -> 15
51 -> 12
51 -> 15
51 -> 12
51 -> 12
51 -> 14
52 [label="30,58,209,356,389,422,565,599,698,702,738,785,800,1029,1052:3"]
52 -> 17
52 -> 19
52 -> 18
52 -> 19
52 -> 16
52 -> 16
52 -> 19
52 -> 17
52 -> 65
52 -> 16
52 -> 18
52 -> 19
52 -> 19
52 -> 17
52 -> 17
53 [label="220,298,454,460,480,578,581,610,623,939,1023,1084:3"]
53 -> 23
53 -> 22
53 -> 23
53 -> 23
53 -> 20
53 -> 23
53 -> 21
53 -> 21
53 -> 21
53 -> 21
53 -> 23
53 -> 23
54 [label="87,181,184,203,216,223,270,291,319,359,535,558,691,753,819,827,868,912,919,1015:3"]
54 -> 24
54 -> 27
54 -> 27
54 -> 25
54 -> 27
54 -> 27
54 -> 26
54 -> 27
54 -> 24
54 -> 26
54 -> 24
54 -> 24
54 -> 24
54 -> 26
54 -> 24
54 -> 24
54 -> 27
54 -> 26
54 -> 24
54 -> 26
55 [label="71,78,105,228,239,386,396,450,452,621,632,672,917,923,1045:3"]
55 -> 30
55 -> 30
55 -> 31
55 -> 30
55 -> 31
55 -> 31
55 -> 30
55 -> 29
55 -> 29
55 -> 29
55 -> 28
55 -> 30
55 -> 29
55 -> 30
55 -> 28
56 [label="66,162,230,233,242,251,276,348,468,474,494,502,590,640,654,674,746,762,854,896,925,945,1005,1011,1066:3"]
56 -> 33
56 -> 34
56 -> 35
56 -> 34
56 -> 32
56 -> 32
56 -> 33
56 -> 34
56 -> 34
56 -> 32
56 -> 32
56 -> 32
56 -> 32
56 -> 35
56 -> 35
56 -> 32
56 -> 33
56 -> 32
56 -> 33
56 -> 33
56 -> 32
56 -> 33
56 -> 34
56 -> 34
56 -> 35
57 [label="24,61,73,82,130,267,398,429,437,441,511,643,709,713,966,1080:3"]
57 -> 39
57 -> 36
57 -> 38
57 -> 39
57 -> 38
57 -> 39
57 -> 39
57 -> 37
57 -> 36
57 -> 38
57 -> 39
57 -> 39
57 -> 36
57 -> 38
57 -> 38
57 -> 38
58 [label="13,124,178,403,446,521,568,586,646,650,657,686,758,797,803,934,959,1077:3"]
58 -> 41
58 -> 42
58 -> 43
58 -> 40
58 -> 43
58 -> 43
58 -> 40
58 -> 41
58 -> 42
58 -> 43
58 -> 43
58 -> 41
58 -> 41
58 -> 43
58 -> 40
58 -> 42
58 -> 40
58 -> 43
59 [label="27,80,85,226,289,294,296,394,464,533,619,791,795,811,852,1069:3"]
59 -> 47
59 -> 46
59 -> 45
59 -> 45
59 -> 45
59 -> 46
59 -> 45
59 -> 45
59 -> 44
59 -> 45
59 -> 45
59 -> 44
59 -> 46
59 -> 44
59 -> 46
59 -> 47
60 [label="6,37,109,117,121,187,313,341,381,524,771,788,815,873,984,1063,1071:3"]
60 -> 49
60 -> 48
60 -> 50
60 -> 51
60 -> 51
60 -> 48
60 -> 51
60 -> 48
60 -> 48
60 -> 48
60 -> 48
60 -> 51
60 -> 48
60 -> 48
60 -> 51
60 -> 51
60 -> 49
61 [label="29,219,238,388,449,557,564,577,598,690,697,737,911,1022,1028:3"]
61 -> 52
61 -> 53
61 -> 55
61 -> 52
61 -> 55
61 -> 54
61 -> 52
61 -> 53
61 -> 52
61 -> 54
61 -> 52
61 -> 52
61 -> 54
61 -> 53
61 -> 52
62 [label="23,161,241,266,288,402,436,463,473,493,585,639,653,851,944,958:3"]
62 -> 57
62 -> 56
62 -> 56
62 -> 57
62 -> 59
62 -> 58
62 -> 57
62 -> 59
62 -> 56
62 -> 56
62 -> 58
62 -> 56
62 -> 56
62 -> 59
62 -> 56
62 -> 58
63 [label="4,5,107,108,120,264,265,401,434,435,638,735,736,850,871,872,956,957,1021,1026,1027:3"]
63 -> 63
63 -> 60
63 -> 63
63 -> 60
63 -> 60
63 -> 63
63 -> 62
63 -> 62
63 -> 63
63 -> 62
63 -> 62
63 -> 63
63 -> 61
63 -> 62
63 -> 63
63 -> 60
63 -> 63
63 -> 62
63 -> 61
63 -> 63
63 -> 61
64 [label="1094:3"]
65 [label="699:3"]
