0 [label="2,7,112,117,219,222,255:3"]
0 -> 6
0 -> 4
0 -> 6
0 -> 5
0 -> 3
0 -> 3
0 -> 3
1 [label="35,192,232,328:3"]
1 -> 7
1 -> 8
1 -> 9
1 -> 7
2 [label="24,50,81,139,301,304:3"]
2 -> 12
2 -> 14
2 -> 14
2 -> 11
2 -> 11
2 -> 11
3 [label="33,220,223,256,258,263,299:3"]
3 -> 15
3 -> 15
3 -> 17
3 -> 16
3 -> 18
3 -> 18
3 -> 15
4 [label="8,142,284:3"]
4 -> 21
4 -> 22
4 -> 20
5 [label="38,56,118,157,227,240,275,294:3"]
5 -> 26
5 -> 23
5 -> 25
5 -> 25
5 -> 23
5 -> 24
5 -> 25
5 -> 25
6 [label="3,113,149,252,280,331:3"]
6 -> 28
6 -> 29
6 -> 30
6 -> 27
6 -> 28
6 -> 28
7 [label="36,172,225,230,250,307,329:3"]
7 -> 32
7 -> 34
7 -> 32
7 -> 31
7 -> 32
7 -> 34
7 -> 32
8 [label="30,42,59,77,86,193:3"]
8 -> 61
8 -> 35
8 -> 37
8 -> 36
8 -> 36
8 -> 36
9 [label="132,146,180,233,322:3"]
9 -> 40
9 -> 38
9 -> 40
9 -> 38
9 -> 41
10 [label="105,211,270:3"]
10 -> 43
10 -> 43
10 -> 42
11 [label="130,140,174,209,236,238,265,273,302,305:3"]
11 -> 47
11 -> 46
11 -> 48
11 -> 47
11 -> 48
11 -> 46
11 -> 48
11 -> 46
11 -> 45
11 -> 47
12 [label="25,73,90,101,309:3"]
12 -> 52
12 -> 52
12 -> 51
12 -> 51
12 -> 50
13 [label="246,260:3"]
13 -> 54
13 -> 53
14 [label="51,64,70,82,98,126,176,267,317:3"]
14 -> 58
14 -> 58
14 -> 56
14 -> 59
14 -> 56
14 -> 59
14 -> 59
14 -> 56
14 -> 59
15 [label="6,34,49,221,300:3"]
15 -> 0
15 -> 1
15 -> 2
15 -> 0
15 -> 2
16 [label="32,257,279,283:3"]
16 -> 3
16 -> 3
16 -> 6
16 -> 4
17 [label="171,224,321:3"]
17 -> 7
17 -> 7
17 -> 9
18 [label="245,259,264:3"]
18 -> 13
18 -> 13
18 -> 11
19 [label="48,170:3"]
19 -> 15
19 -> 17
20 [label="47,162,203,204,285:3"]
20 -> 19
20 -> 21
20 -> 20
20 -> 21
20 -> 21
21 [label="9,44,122,163,205,286:3"]
21 -> 25
21 -> 24
21 -> 25
21 -> 25
21 -> 25
21 -> 26
22 [label="17,108,143,311:3"]
22 -> 29
22 -> 29
22 -> 27
22 -> 29
23 [label="57,68,79,88,103,228:3"]
23 -> 33
23 -> 34
23 -> 31
23 -> 34
23 -> 33
23 -> 33
24 [label="45,195,197,241:3"]
24 -> 35
24 -> 36
24 -> 37
24 -> 37
25 [label="10,13,92,119,123,136,158,164,206,276,295:3"]
25 -> 39
25 -> 40
25 -> 41
25 -> 39
25 -> 38
25 -> 38
25 -> 41
25 -> 40
25 -> 38
25 -> 39
25 -> 40
26 [label="39,287:3"]
26 -> 42
26 -> 44
27 [label="75,144,253,326:3"]
27 -> 47
27 -> 47
27 -> 45
27 -> 45
28 [label="4,243,281,332:3"]
28 -> 49
28 -> 49
28 -> 49
28 -> 52
29 [label="18,61,109,114,153,189,214,312,334:3"]
29 -> 54
29 -> 53
29 -> 53
29 -> 53
29 -> 55
29 -> 53
29 -> 55
29 -> 54
29 -> 64
30 [label="27,150,199:3"]
30 -> 56
30 -> 57
30 -> 59
31 [label="80,111,116,138,191,231:3"]
31 -> 2
31 -> 0
31 -> 0
31 -> 2
31 -> 1
31 -> 1
32 [label="37,148,226,251,262,293,298,330:3"]
32 -> 5
32 -> 6
32 -> 5
32 -> 6
32 -> 3
32 -> 5
32 -> 3
32 -> 6
33 [label="58,104,229,249:3"]
33 -> 8
33 -> 10
33 -> 7
33 -> 7
34 [label="63,69,89,97,125,173,208,235,308,316:3"]
34 -> 14
34 -> 14
34 -> 12
34 -> 14
34 -> 14
34 -> 11
34 -> 11
34 -> 11
34 -> 12
34 -> 14
35 [label="16,43,46,121:3"]
35 -> 22
35 -> 21
35 -> 20
35 -> 21
36 [label="12,67,78,87,135,194,196:3"]
36 -> 25
36 -> 23
36 -> 23
36 -> 23
36 -> 25
36 -> 24
36 -> 24
37 [label="60,198,242:3"]
37 -> 29
37 -> 30
37 -> 28
38 [label="96,124,137,147,207,234,248,292,297,315:3"]
38 -> 34
38 -> 34
38 -> 31
38 -> 32
38 -> 34
38 -> 34
38 -> 33
38 -> 32
38 -> 32
38 -> 34
39 [label="11,15,120,134,277:3"]
39 -> 36
39 -> 35
39 -> 35
39 -> 36
39 -> 61
40 [label="14,20,133,165,181,182,290,291,296,314:3"]
40 -> 39
40 -> 41
40 -> 39
40 -> 41
40 -> 40
40 -> 41
40 -> 40
40 -> 38
40 -> 38
40 -> 38
41 [label="21,93,159,166,183,323:3"]
41 -> 42
41 -> 44
41 -> 43
41 -> 62
41 -> 44
41 -> 43
42 [label="22,40,54,155,216,271:3"]
42 -> 45
42 -> 47
42 -> 46
42 -> 46
42 -> 45
42 -> 48
43 [label="106,160,212,324:3"]
43 -> 50
43 -> 50
43 -> 52
43 -> 52
44 [label="94,184,288:3"]
44 -> 54
44 -> 55
44 -> 54
45 [label="23,217,254,303,327:3"]
45 -> 2
45 -> 60
45 -> 0
45 -> 2
45 -> 1
46 [label="55,141,156,239,274:3"]
46 -> 5
46 -> 4
46 -> 5
46 -> 5
46 -> 5
47 [label="29,41,76,85,131,145,179,210,269,306:3"]
47 -> 8
47 -> 8
47 -> 8
47 -> 8
47 -> 9
47 -> 9
47 -> 9
47 -> 10
47 -> 10
47 -> 7
48 [label="72,100,129,175,237,266,272:3"]
48 -> 12
48 -> 12
48 -> 11
48 -> 14
48 -> 11
48 -> 14
48 -> 11
49 [label="5,244,282,320:3"]
49 -> 15
49 -> 18
49 -> 16
49 -> 17
50 [label="107,161,169,202,310:3"]
50 -> 22
50 -> 20
50 -> 19
50 -> 20
50 -> 22
51 [label="91,102:3"]
51 -> 25
51 -> 23
52 [label="26,74,152,188,213,325,333:3"]
52 -> 30
52 -> 27
52 -> 29
52 -> 29
52 -> 29
52 -> 27
52 -> 29
53 [label="62,110,115,190,261:3"]
53 -> 34
53 -> 31
53 -> 31
53 -> 31
53 -> 32
54 [label="19,95,247,289,313:3"]
54 -> 40
54 -> 38
54 -> 38
54 -> 40
54 -> 40
55 [label="53,154,185,215:3"]
55 -> 42
55 -> 42
55 -> 62
55 -> 42
56 [label="28,71,84,99,128,178,268:3"]
56 -> 47
56 -> 48
56 -> 47
56 -> 48
56 -> 48
56 -> 47
56 -> 47
57 [label="151,168,187,201,319:3"]
57 -> 52
57 -> 50
57 -> 52
57 -> 50
57 -> 49
58 [label="52,65:3"]
58 -> 55
58 -> 63
59 [label="83,127,177,200,318:3"]
59 -> 56
59 -> 56
59 -> 56
59 -> 57
59 -> 57
60 [label="1,218:3"]
60 -> 0
60 -> 0
61 [label="31,278:3"]
61 -> 16
61 -> 16
62 [label="167,186:3"]
62 -> 57
62 -> 57
63 [label="66:3"]
63 -> 36
64 [label="335:3"]
