0 [label="114,115,126,155,293,301,339,375,376,410,411,412,513,514,607,613,649,789,827,850:3"]
0 -> 0
0 -> 2
0 -> 1
0 -> 1
0 -> 2
0 -> 3
0 -> 3
0 -> 0
0 -> 3
0 -> 0
0 -> 0
0 -> 3
0 -> 0
0 -> 2
0 -> 3
0 -> 1
0 -> 1
0 -> 3
0 -> 2
0 -> 3
1 [label="3,127,156,201,614,650,804,956:3"]
1 -> 4
1 -> 7
1 -> 4
1 -> 7
1 -> 7
1 -> 4
1 -> 5
1 -> 5
2 [label="6,116,288,294,349,388,515,526,586,668,698,721,730,801,828,874:3"]
2 -> 8
2 -> 10
2 -> 10
2 -> 9
2 -> 11
2 -> 9
2 -> 9
2 -> 8
2 -> 10
2 -> 11
2 -> 65
2 -> 10
2 -> 9
2 -> 8
2 -> 9
2 -> 8
3 [label="21,33,40,73,91,302,320,340,377,413,608,678,790,851,887:3"]
3 -> 13
3 -> 12
3 -> 15
3 -> 13
3 -> 13
3 -> 13
3 -> 14
3 -> 12
3 -> 15
3 -> 12
3 -> 13
3 -> 13
3 -> 15
3 -> 13
3 -> 15
4 [label="4,153,157,181,247,260,273,313,442,474,529,578,582,651,662,664,917:3"]
4 -> 16
4 -> 16
4 -> 18
4 -> 18
4 -> 19
4 -> 19
4 -> 17
4 -> 19
4 -> 18
4 -> 19
4 -> 19
4 -> 18
4 -> 19
4 -> 18
4 -> 17
4 -> 18
4 -> 19
5 [label="50,64,107,122,275,398,407,704,738,805,834,957,964:3"]
5 -> 22
5 -> 21
5 -> 23
5 -> 22
5 -> 23
5 -> 20
5 -> 20
5 -> 20
5 -> 23
5 -> 21
5 -> 20
5 -> 21
5 -> 21
6 [label="324,383,420,522,559,634,639,675,695,707,948:3"]
6 -> 27
6 -> 26
6 -> 24
6 -> 26
6 -> 25
6 -> 24
6 -> 27
6 -> 24
6 -> 24
6 -> 27
6 -> 24
7 [label="59,128,149,167,202,393,426,469,615,717,765,770,780,881,934:3"]
7 -> 31
7 -> 28
7 -> 29
7 -> 28
7 -> 30
7 -> 28
7 -> 31
7 -> 31
7 -> 31
7 -> 29
7 -> 30
7 -> 30
7 -> 29
7 -> 30
7 -> 30
8 [label="7,199,217,258,396,527,580,637,647,666,778,802,875,912,925:3"]
8 -> 35
8 -> 32
8 -> 35
8 -> 33
8 -> 33
8 -> 33
8 -> 33
8 -> 33
8 -> 32
8 -> 32
8 -> 33
8 -> 32
8 -> 34
8 -> 34
8 -> 34
9 [label="83,131,183,226,295,389,423,452,461,482,516,653,731,829,902,927,953:3"]
9 -> 36
9 -> 38
9 -> 38
9 -> 38
9 -> 39
9 -> 37
9 -> 36
9 -> 37
9 -> 39
9 -> 38
9 -> 38
9 -> 37
9 -> 39
9 -> 37
9 -> 37
9 -> 36
9 -> 36
10 [label="70,117,191,233,242,281,289,334,431,444,587,692,722,754,845,877,898:3"]
10 -> 40
10 -> 41
10 -> 42
10 -> 42
10 -> 41
10 -> 43
10 -> 41
10 -> 42
10 -> 41
10 -> 41
10 -> 40
10 -> 40
10 -> 41
10 -> 41
10 -> 40
10 -> 43
10 -> 42
11 [label="26,36,47,56,102,111,159,254,309,343,350,449,491,505,538,627,658,669,726,812,842,863,891,914:3"]
11 -> 46
11 -> 47
11 -> 44
11 -> 44
11 -> 45
11 -> 44
11 -> 45
11 -> 45
11 -> 46
11 -> 47
11 -> 46
11 -> 44
11 -> 46
11 -> 45
11 -> 45
11 -> 45
11 -> 47
11 -> 44
11 -> 46
11 -> 47
11 -> 44
11 -> 45
11 -> 44
11 -> 44
12 [label="34,197,341,381,414,511,531,533,584,632,837,848,946,951:3"]
12 -> 50
12 -> 50
12 -> 50
12 -> 49
12 -> 51
12 -> 48
12 -> 51
12 -> 51
12 -> 48
12 -> 49
12 -> 51
12 -> 48
12 -> 49
12 -> 50
13 [label="22,74,78,86,92,170,206,219,249,262,303,315,369,401,404,488,564,609,679,839,852,930:3"]
13 -> 53
13 -> 54
13 -> 55
13 -> 53
13 -> 53
13 -> 53
13 -> 54
13 -> 54
13 -> 54
13 -> 54
13 -> 55
13 -> 55
13 -> 55
13 -> 52
13 -> 52
13 -> 52
13 -> 53
13 -> 53
13 -> 53
13 -> 52
13 -> 55
13 -> 53
14 [label="9,138,145,175,321,416,476,552,590,672,746,795,821:3"]
14 -> 58
14 -> 57
14 -> 57
14 -> 58
14 -> 56
14 -> 59
14 -> 59
14 -> 58
14 -> 59
14 -> 56
14 -> 58
14 -> 58
14 -> 58
15 [label="41,378,535,572,750,791,857,871,888,894,906,919:3"]
15 -> 62
15 -> 60
15 -> 60
15 -> 61
15 -> 63
15 -> 61
15 -> 63
15 -> 60
15 -> 60
15 -> 62
15 -> 62
15 -> 61
16 [label="5,20,154,292,319,409,612,720,955:3"]
16 -> 2
16 -> 3
16 -> 0
16 -> 0
16 -> 3
16 -> 0
16 -> 0
16 -> 2
16 -> 1
17 [label="106,121,148,152,246,274,392,406,425,468,663,706,833,933,963:3"]
17 -> 5
17 -> 5
17 -> 7
17 -> 4
17 -> 4
17 -> 5
17 -> 7
17 -> 5
17 -> 7
17 -> 7
17 -> 4
17 -> 6
17 -> 5
17 -> 7
17 -> 5
18 [label="25,69,158,182,216,253,257,443,448,460,490,504,579,652,665,691,725,841,862,924:3"]
18 -> 11
18 -> 10
18 -> 11
18 -> 9
18 -> 8
18 -> 11
18 -> 8
18 -> 10
18 -> 11
18 -> 9
18 -> 11
18 -> 11
18 -> 8
18 -> 9
18 -> 8
18 -> 10
18 -> 11
18 -> 11
18 -> 11
18 -> 8
19 [label="85,248,261,314,400,403,475,510,530,571,583,745,794,820,836,856,905,918,929,945:3"]
19 -> 13
19 -> 13
19 -> 13
19 -> 13
19 -> 13
19 -> 13
19 -> 14
19 -> 12
19 -> 12
19 -> 15
19 -> 12
19 -> 14
19 -> 14
19 -> 14
19 -> 12
19 -> 15
19 -> 15
19 -> 15
19 -> 13
19 -> 12
20 [label="24,68,105,120,245,391,399,408,447,459,503,509,570,611,705,744,832,835,861,904,932,944:3"]
20 -> 18
20 -> 18
20 -> 17
20 -> 17
20 -> 17
20 -> 17
20 -> 19
20 -> 16
20 -> 18
20 -> 18
20 -> 18
20 -> 19
20 -> 19
20 -> 16
20 -> 17
20 -> 19
20 -> 17
20 -> 19
20 -> 18
20 -> 19
20 -> 17
20 -> 19
21 [label="13,65,66,67,269,361,362,434,508,600,643,684,806,831,958,965:3"]
21 -> 23
21 -> 21
21 -> 21
21 -> 20
21 -> 22
21 -> 21
21 -> 23
21 -> 22
21 -> 20
21 -> 22
21 -> 23
21 -> 22
21 -> 22
21 -> 20
21 -> 23
21 -> 64
22 [label="51,88,94,123,172,188,270,435,566,601,604,685,760,807,866:3"]
22 -> 26
22 -> 24
22 -> 26
22 -> 24
22 -> 24
22 -> 24
22 -> 24
22 -> 27
22 -> 26
22 -> 25
22 -> 24
22 -> 27
22 -> 27
22 -> 27
22 -> 26
23 [label="14,17,108,141,276,363,454,495,644,655,681,739,757,774,939,959:3"]
23 -> 29
23 -> 29
23 -> 28
23 -> 31
23 -> 29
23 -> 30
23 -> 31
23 -> 31
23 -> 28
23 -> 28
23 -> 29
23 -> 29
23 -> 29
23 -> 31
23 -> 29
23 -> 31
24 [label="31,76,89,124,165,173,189,240,271,279,286,307,373,421,520,605,630,635,676,696,736,799,949:3"]
24 -> 32
24 -> 35
24 -> 32
24 -> 32
24 -> 33
24 -> 35
24 -> 34
24 -> 34
24 -> 33
24 -> 34
24 -> 32
24 -> 34
24 -> 32
24 -> 34
24 -> 33
24 -> 32
24 -> 35
24 -> 34
24 -> 32
24 -> 32
24 -> 33
24 -> 32
24 -> 35
25 [label="221,228,251,267,355,357,359,518,560,602,742:3"]
25 -> 38
25 -> 38
25 -> 36
25 -> 37
25 -> 38
25 -> 38
25 -> 37
25 -> 38
25 -> 39
25 -> 37
25 -> 37
26 [label="52,95,98,133,185,212,230,264,384,523,547,567,783,816,867:3"]
26 -> 43
26 -> 41
26 -> 42
26 -> 43
26 -> 41
26 -> 43
26 -> 40
26 -> 41
26 -> 42
26 -> 40
26 -> 42
26 -> 41
26 -> 41
26 -> 42
26 -> 42
27 [label="162,208,223,325,436,484,541,623,640,686,708,761,808:3"]
27 -> 45
27 -> 46
27 -> 44
27 -> 47
27 -> 46
27 -> 46
27 -> 46
27 -> 47
27 -> 45
27 -> 45
27 -> 47
27 -> 47
27 -> 46
28 [label="109,129,168,394,480,562,645,656,825:3"]
28 -> 50
28 -> 50
28 -> 51
28 -> 50
28 -> 50
28 -> 51
28 -> 50
28 -> 50
28 -> 48
29 [label="15,18,150,277,305,317,371,621,682,689,718,740,758,781,854,922,940,942:3"]
29 -> 53
29 -> 52
29 -> 52
29 -> 54
29 -> 54
29 -> 52
29 -> 54
29 -> 54
29 -> 53
29 -> 52
29 -> 52
29 -> 54
29 -> 53
29 -> 54
29 -> 52
29 -> 52
29 -> 55
29 -> 53
30 [label="80,203,297,330,364,712,766,771,882,935:3"]
30 -> 56
30 -> 56
30 -> 59
30 -> 59
30 -> 58
30 -> 59
30 -> 58
30 -> 57
30 -> 59
30 -> 59
31 [label="60,142,237,427,455,463,470,496,575,616,733,775,786,960:3"]
31 -> 63
31 -> 60
31 -> 61
31 -> 62
31 -> 62
31 -> 62
31 -> 63
31 -> 62
31 -> 60
31 -> 63
31 -> 61
31 -> 60
31 -> 60
31 -> 61
32 [label="2,32,72,90,125,200,287,348,374,387,525,606,648,667,677,697,729,800,803,886:3"]
32 -> 1
32 -> 3
32 -> 3
32 -> 3
32 -> 0
32 -> 1
32 -> 2
32 -> 2
32 -> 0
32 -> 2
32 -> 2
32 -> 0
32 -> 0
32 -> 2
32 -> 3
32 -> 2
32 -> 2
32 -> 2
32 -> 1
32 -> 3
33 [label="166,180,259,272,312,323,397,441,521,528,581,638,674,694,703,737,769,779:3"]
33 -> 7
33 -> 4
33 -> 4
33 -> 4
33 -> 4
33 -> 6
33 -> 5
33 -> 4
33 -> 6
33 -> 4
33 -> 4
33 -> 6
33 -> 6
33 -> 6
33 -> 5
33 -> 5
33 -> 7
33 -> 7
34 [label="46,82,101,190,232,241,280,308,422,430,636,811,876,897,901,911,913,926:3"]
34 -> 11
34 -> 9
34 -> 11
34 -> 10
34 -> 10
34 -> 10
34 -> 10
34 -> 11
34 -> 9
34 -> 10
34 -> 8
34 -> 11
34 -> 10
34 -> 10
34 -> 9
34 -> 8
34 -> 11
34 -> 9
35 [label="8,77,137,174,205,218,487,551,589,631,749,847,870,950:3"]
35 -> 14
35 -> 13
35 -> 14
35 -> 14
35 -> 13
35 -> 13
35 -> 13
35 -> 14
35 -> 14
35 -> 12
35 -> 15
35 -> 12
35 -> 15
35 -> 12
36 [label="84,147,252,291,424,724,819,928,954:3"]
36 -> 19
36 -> 17
36 -> 18
36 -> 16
36 -> 17
36 -> 18
36 -> 19
36 -> 19
36 -> 16
37 [label="12,119,140,187,244,268,360,390,433,446,453,458,494,502,569,599,603,654,743,756,773,830,903:3"]
37 -> 21
37 -> 20
37 -> 23
37 -> 22
37 -> 20
37 -> 21
37 -> 21
37 -> 20
37 -> 21
37 -> 20
37 -> 23
37 -> 20
37 -> 23
37 -> 20
37 -> 20
37 -> 21
37 -> 22
37 -> 23
37 -> 20
37 -> 23
37 -> 23
37 -> 21
37 -> 20
38 [label="30,97,132,184,211,222,227,229,266,285,354,356,358,483,517,519,798:3"]
38 -> 24
38 -> 26
38 -> 26
38 -> 26
38 -> 26
38 -> 27
38 -> 25
38 -> 26
38 -> 25
38 -> 24
38 -> 25
38 -> 25
38 -> 25
38 -> 27
38 -> 25
38 -> 24
38 -> 24
39 [label="236,296,462,561,620,732,785,824:3"]
39 -> 31
39 -> 30
39 -> 31
39 -> 28
39 -> 29
39 -> 31
39 -> 31
39 -> 28
40 [label="45,71,100,179,231,386,524,550,588,693,702,748,768,846,869,900,910:3"]
40 -> 34
40 -> 32
40 -> 34
40 -> 33
40 -> 34
40 -> 32
40 -> 32
40 -> 35
40 -> 35
40 -> 33
40 -> 33
40 -> 35
40 -> 33
40 -> 35
40 -> 35
40 -> 34
40 -> 34
41 [label="11,29,96,118,186,235,243,265,290,353,432,445,568,598,723,755,784,797,818,823:3"]
41 -> 37
41 -> 38
41 -> 38
41 -> 37
41 -> 37
41 -> 39
41 -> 37
41 -> 38
41 -> 36
41 -> 38
41 -> 37
41 -> 37
41 -> 37
41 -> 37
41 -> 36
41 -> 37
41 -> 39
41 -> 38
41 -> 36
41 -> 39
42 [label="44,99,177,178,192,193,234,335,385,548,549,597,817,868,899,909:3"]
42 -> 40
42 -> 40
42 -> 42
42 -> 40
42 -> 42
42 -> 43
42 -> 41
42 -> 43
42 -> 40
42 -> 42
42 -> 40
42 -> 41
42 -> 41
42 -> 40
42 -> 40
42 -> 40
43 [label="53,134,194,213,282,336,366,499,554,878:3"]
43 -> 44
43 -> 46
43 -> 44
43 -> 45
43 -> 46
43 -> 44
43 -> 44
43 -> 46
43 -> 46
43 -> 44
44 [label="48,54,57,112,195,224,299,332,337,367,418,450,557,670,843,879,892,915:3"]
44 -> 49
44 -> 50
44 -> 49
44 -> 48
44 -> 51
44 -> 50
44 -> 48
44 -> 50
44 -> 48
44 -> 51
44 -> 49
44 -> 50
44 -> 49
44 -> 51
44 -> 50
44 -> 49
44 -> 51
44 -> 49
45 [label="103,160,163,214,255,466,478,506,539,628,641,687,864,937:3"]
45 -> 53
45 -> 54
45 -> 54
45 -> 52
45 -> 52
45 -> 52
45 -> 55
45 -> 53
45 -> 54
45 -> 54
45 -> 53
45 -> 55
45 -> 53
45 -> 53
46 [label="27,135,209,283,310,351,437,439,485,492,500,542,555,592,727,809,884:3"]
46 -> 58
46 -> 56
46 -> 57
46 -> 57
46 -> 56
46 -> 58
46 -> 59
46 -> 56
46 -> 56
46 -> 57
46 -> 57
46 -> 59
46 -> 59
46 -> 59
46 -> 56
46 -> 56
46 -> 56
47 [label="37,326,344,544,594,624,659,709,714,762,813:3"]
47 -> 60
47 -> 63
47 -> 63
47 -> 61
47 -> 62
47 -> 60
47 -> 60
47 -> 61
47 -> 60
47 -> 60
47 -> 61
48 [label="39,113,300,338,512,585,788,826,849,873:3"]
48 -> 3
48 -> 0
48 -> 0
48 -> 0
48 -> 0
48 -> 2
48 -> 0
48 -> 0
48 -> 0
48 -> 2
49 [label="49,58,63,382,419,473,558,577,633,661,716,764,880,916,947:3"]
49 -> 5
49 -> 7
49 -> 5
49 -> 6
49 -> 6
49 -> 4
49 -> 6
49 -> 4
49 -> 6
49 -> 4
49 -> 7
49 -> 7
49 -> 7
49 -> 4
49 -> 6
50 [label="35,55,110,130,198,225,333,342,395,451,481,537,626,646,657,753,777,844,890,952:3"]
50 -> 11
50 -> 11
50 -> 11
50 -> 9
50 -> 8
50 -> 9
50 -> 10
50 -> 11
50 -> 8
50 -> 9
50 -> 9
50 -> 11
50 -> 11
50 -> 8
50 -> 11
50 -> 10
50 -> 8
50 -> 10
50 -> 11
50 -> 9
51 [label="144,169,196,368,380,415,532,534,563,671,838,893:3"]
51 -> 14
51 -> 13
51 -> 12
51 -> 13
51 -> 12
51 -> 14
51 -> 12
51 -> 15
51 -> 13
51 -> 14
51 -> 13
51 -> 15
52 [label="19,151,215,256,318,402,405,467,489,690,719,793,840,855,923,962:3"]
52 -> 16
52 -> 17
52 -> 18
52 -> 18
52 -> 16
52 -> 19
52 -> 17
52 -> 17
52 -> 18
52 -> 18
52 -> 16
52 -> 19
52 -> 18
52 -> 19
52 -> 18
52 -> 17
53 [label="16,23,87,93,104,171,507,565,610,642,680,683,759,860,865,931,938,943:3"]
53 -> 23
53 -> 20
53 -> 22
53 -> 22
53 -> 20
53 -> 22
53 -> 21
53 -> 22
53 -> 20
53 -> 21
53 -> 23
53 -> 21
53 -> 22
53 -> 20
53 -> 22
53 -> 20
53 -> 23
53 -> 20
54 [label="75,161,164,207,220,239,250,263,278,306,372,540,546,622,629,735,741,782,815:3"]
54 -> 24
54 -> 27
54 -> 24
54 -> 27
54 -> 25
54 -> 24
54 -> 25
54 -> 26
54 -> 24
54 -> 24
54 -> 24
54 -> 27
54 -> 26
54 -> 27
54 -> 24
54 -> 24
54 -> 25
54 -> 26
54 -> 26
55 [label="79,304,316,329,370,479,574,688,711,853,921,941:3"]
55 -> 30
55 -> 29
55 -> 29
55 -> 30
55 -> 29
55 -> 28
55 -> 31
55 -> 29
55 -> 30
55 -> 29
55 -> 29
55 -> 29
56 [label="1,81,136,204,311,322,347,429,440,486,673,728,810,885,896:3"]
56 -> 32
56 -> 34
56 -> 35
56 -> 35
56 -> 33
56 -> 33
56 -> 32
56 -> 34
56 -> 33
56 -> 35
56 -> 33
56 -> 32
56 -> 34
56 -> 32
56 -> 34
57 [label="139,146,210,284,457,493,501,619,772:3"]
57 -> 37
57 -> 36
57 -> 38
57 -> 38
57 -> 37
57 -> 37
57 -> 37
57 -> 39
57 -> 37
58 [label="10,28,43,176,352,365,498,553,596,747,767,796,822,908:3"]
58 -> 41
58 -> 41
58 -> 42
58 -> 42
58 -> 41
58 -> 43
58 -> 43
58 -> 43
58 -> 42
58 -> 40
58 -> 40
58 -> 41
58 -> 41
58 -> 42
59 [label="298,331,417,438,465,477,543,556,591,593,713,883,936:3"]
59 -> 44
59 -> 44
59 -> 44
59 -> 46
59 -> 45
59 -> 45
59 -> 47
59 -> 44
59 -> 46
59 -> 47
59 -> 47
59 -> 46
59 -> 45
60 [label="38,62,143,379,472,536,576,625,660,715,752,763,776,787,872,889:3"]
60 -> 48
60 -> 49
60 -> 51
60 -> 51
60 -> 49
60 -> 50
60 -> 49
60 -> 50
60 -> 49
60 -> 49
60 -> 50
60 -> 49
60 -> 50
60 -> 48
60 -> 48
60 -> 50
61 [label="238,328,545,573,710,734,792,814,859,920,961:3"]
61 -> 54
61 -> 55
61 -> 54
61 -> 55
61 -> 55
61 -> 54
61 -> 52
61 -> 54
61 -> 53
61 -> 55
61 -> 52
62 [label="42,346,428,456,464,497,595,618,895,907:3"]
62 -> 58
62 -> 56
62 -> 56
62 -> 57
62 -> 59
62 -> 58
62 -> 58
62 -> 57
62 -> 56
62 -> 58
63 [label="61,327,345,471,617,751,858:3"]
63 -> 60
63 -> 61
63 -> 62
63 -> 60
63 -> 62
63 -> 60
63 -> 61
64 [label="966:3"]
65 [label="699:3"]
