3 2 15 2
3 17 19 17
3 36 21 36
3 57 18 57
3 75 1 1
3 76 21 76
3 97 21 97
3 118 17 118
3 135 22 135
3 157 24 157
3 181 24 181
3 205 21 205
3 226 25 226
3 251 28 251
3 279 26 279
3 305 23 305
3 328 8 328
3 337 16 337
3 353 17 353
3 370 28 370
3 398 22 398
3 420 17 420
3 437 32 437
3 469 20 469
3 489 26 489
3 515 29 515
3 544 13 544
3 557 18 557
3 575 20 575
3 595 13 595
3 608 36 608
3 644 18 644
3 662 21 662
3 684 29 684
3 713 22 713
3 735 20 735
3 755 29 755
3 784 23 784
3 807 17 807
3 824 18 824
3 842 17 842
3 859 20 859
3 879 16 879
3 895 18 895
3 913 16 913
3 929 20 929
3 949 13 949
3 962 22 962
3 984 29 984
3 1013 13 1013
3 1026 24 1026
3 1050 25 1050
3 1075 16 1075
3 1091 22 1091
3 1113 25 1113
3 1138 24 1138
3 1162 23 1162
3 1185 1 0
3 1186 27 1186
3 1213 22 1213
3 1235 13 1235
3 1248 23 1248
3 1271 17 1271
3 1288 19 1288
3 1307 22 1307
3 1329 20 1329
