3 1 11 1
3 12 12 12
3 24 9 24
3 33 6 33
3 39 8 39
3 47 6 47
3 53 8 53
3 61 11 61
3 72 12 72
3 84 4 84
3 88 8 88
3 96 9 96
3 105 1 0
3 106 9 106
3 115 10 115
3 125 3 125
3 128 9 128
3 137 12 137
3 149 9 149
3 158 7 158
3 165 6 165
3 171 7 171
3 178 8 178
3 186 8 186
3 194 9 194
3 203 8 203
3 211 12 211
3 223 6 223
3 229 11 229
3 240 8 240
3 248 15 248
3 263 9 263
3 272 6 272
3 278 7 278
3 285 9 285
3 294 8 294
3 302 8 302
3 310 6 310
3 316 7 316
3 323 12 323
3 335 8 335
3 343 5 343
3 348 6 348
3 354 6 354
3 360 7 360
3 367 9 367
3 376 11 376
3 387 10 387
3 397 4 397
3 402 8 402
3 410 3 410
3 413 9 413
3 422 12 422
3 434 13 434
3 447 11 447
3 458 9 458
3 467 10 467
3 477 7 477
3 484 11 484
3 495 4 495
3 499 7 499
3 506 5 506
3 511 7 511
3 518 7 518
3 525 7 525
