0 [label="22,121,165,170,334,388,389,417,430,446,460:3"]
0 -> 3
0 -> 1
0 -> 3
0 -> 2
0 -> 2
0 -> 0
0 -> 3
0 -> 2
0 -> 3
0 -> 1
0 -> 1
1 [label="2,106,122,187,331,376,406,447,461,464,502,517:3"]
1 -> 4
1 -> 6
1 -> 6
1 -> 7
1 -> 4
1 -> 6
1 -> 7
1 -> 7
1 -> 4
1 -> 5
1 -> 6
1 -> 7
2 [label="75,171,279,335,344,365,396,418,499:3"]
2 -> 9
2 -> 11
2 -> 8
2 -> 11
2 -> 11
2 -> 9
2 -> 8
2 -> 10
2 -> 8
3 [label="23,166,275,390,411,431:3"]
3 -> 12
3 -> 15
3 -> 13
3 -> 15
3 -> 13
3 -> 13
4 [label="3,236,242,306,332,357,455,462:3"]
4 -> 18
4 -> 18
4 -> 18
4 -> 17
4 -> 16
4 -> 19
4 -> 18
4 -> 16
5 [label="7,72,148,162,308,465:3"]
5 -> 23
5 -> 20
5 -> 22
5 -> 20
5 -> 23
5 -> 22
6 [label="26,107,123,229,265,352,377,503:3"]
6 -> 25
6 -> 26
6 -> 27
6 -> 27
6 -> 27
6 -> 24
6 -> 25
6 -> 27
7 [label="14,98,128,178,188,287,384,407,448,482,518:3"]
7 -> 30
7 -> 31
7 -> 29
7 -> 31
7 -> 29
7 -> 31
7 -> 29
7 -> 29
7 -> 28
7 -> 29
7 -> 29
8 [label="5,83,185,238,240,244,280,355,397,444,475,500:3"]
8 -> 33
8 -> 34
8 -> 32
8 -> 34
8 -> 33
8 -> 35
8 -> 35
8 -> 33
8 -> 34
8 -> 32
8 -> 35
8 -> 32
9 [label="76,366,438,457:3"]
9 -> 39
9 -> 38
9 -> 37
9 -> 36
10 [label="39,69,85,317,371,419,491,507:3"]
10 -> 43
10 -> 40
10 -> 43
10 -> 41
10 -> 43
10 -> 43
10 -> 43
10 -> 42
11 [label="65,172,222,293,324,336,345,399,470:3"]
11 -> 46
11 -> 46
11 -> 44
11 -> 45
11 -> 45
11 -> 45
11 -> 46
11 -> 46
11 -> 45
12 [label="12,24,33,61,63,220,322,428,528:3"]
12 -> 49
12 -> 49
12 -> 51
12 -> 51
12 -> 50
12 -> 50
12 -> 50
12 -> 48
12 -> 51
13 [label="95,141,225,276,282,349,412,432,477,496:3"]
13 -> 52
13 -> 53
13 -> 53
13 -> 52
13 -> 54
13 -> 52
13 -> 54
13 -> 55
13 -> 53
13 -> 52
14 [label="35,152,200:3"]
14 -> 57
14 -> 57
14 -> 58
15 [label="50,136,167,208,214,246,359,391,451:3"]
15 -> 61
15 -> 63
15 -> 60
15 -> 62
15 -> 62
15 -> 61
15 -> 63
15 -> 61
15 -> 61
16 [label="21,74,164,278,333,375,387,405,410,459,463,498:3"]
16 -> 0
16 -> 2
16 -> 0
16 -> 2
16 -> 0
16 -> 1
16 -> 0
16 -> 1
16 -> 3
16 -> 0
16 -> 1
16 -> 2
17 [label="97,161,228,235,264,305,307,351,454:3"]
17 -> 7
17 -> 5
17 -> 6
17 -> 4
17 -> 6
17 -> 4
17 -> 5
17 -> 6
17 -> 4
18 [label="4,38,237,243,370,456,490:3"]
18 -> 8
18 -> 10
18 -> 8
18 -> 8
18 -> 10
18 -> 9
18 -> 10
19 [label="11,49,140,213,321,358:3"]
19 -> 12
19 -> 15
19 -> 13
19 -> 15
19 -> 12
19 -> 15
20 [label="73,160,163,227,304,320,404:3"]
20 -> 16
20 -> 17
20 -> 16
20 -> 17
20 -> 17
20 -> 19
20 -> 16
21 [label="117,143,260,327,403,440,523,524:3"]
21 -> 22
21 -> 23
21 -> 22
21 -> 22
21 -> 20
21 -> 23
21 -> 21
21 -> 23
22 [label="55,118,149,261,313,328,466,479:3"]
22 -> 26
22 -> 24
22 -> 24
22 -> 25
22 -> 26
22 -> 24
22 -> 27
22 -> 24
23 [label="8,43,114,144,271,296,309,441,525:3"]
23 -> 29
23 -> 30
23 -> 29
23 -> 30
23 -> 31
23 -> 31
23 -> 31
23 -> 28
23 -> 28
24 [label="119,150,218,329,353,394,480,515:3"]
24 -> 32
24 -> 35
24 -> 35
24 -> 32
24 -> 34
24 -> 32
24 -> 33
24 -> 32
25 [label="27,29,47,131,155,191,193,262,368,378,423,521:3"]
25 -> 38
25 -> 39
25 -> 36
25 -> 38
25 -> 38
25 -> 38
25 -> 39
25 -> 36
25 -> 36
25 -> 38
25 -> 38
25 -> 37
26 [label="56,108,133,157,314,487:3"]
26 -> 43
26 -> 42
26 -> 40
26 -> 41
26 -> 40
26 -> 41
27 [label="18,124,230,266,284,339,380,414,425,467,504:3"]
27 -> 45
27 -> 46
27 -> 47
27 -> 47
27 -> 44
27 -> 46
27 -> 46
27 -> 44
27 -> 44
27 -> 44
27 -> 44
28 [label="31,104,183,206,442,449,473,526:3"]
28 -> 51
28 -> 48
28 -> 50
28 -> 51
28 -> 50
28 -> 51
28 -> 50
28 -> 51
29 [label="9,53,89,115,129,189,204,256,258,302,385,408,483,485,519:3"]
29 -> 52
29 -> 53
29 -> 55
29 -> 53
29 -> 54
29 -> 54
29 -> 55
29 -> 55
29 -> 53
29 -> 53
29 -> 52
29 -> 52
29 -> 55
29 -> 54
29 -> 54
30 [label="15,44,78,91,145,195,249,253,434:3"]
30 -> 57
30 -> 57
30 -> 59
30 -> 59
30 -> 56
30 -> 59
30 -> 59
30 -> 57
30 -> 58
31 [label="99,179,272,288,297,310:3"]
31 -> 63
31 -> 62
31 -> 60
31 -> 63
31 -> 63
31 -> 61
32 [label="120,186,330,395,445,501,516:3"]
32 -> 0
32 -> 1
32 -> 1
32 -> 2
32 -> 0
32 -> 1
32 -> 1
33 [label="6,71,127,147,177,241,356,383,481:3"]
33 -> 5
33 -> 5
33 -> 7
33 -> 5
33 -> 7
33 -> 4
33 -> 4
33 -> 7
33 -> 7
34 [label="68,82,84,239,316,354,398,437:3"]
34 -> 10
34 -> 8
34 -> 10
34 -> 8
34 -> 10
34 -> 8
34 -> 11
34 -> 9
35 [label="135,151,219,245,281,348,476,495:3"]
35 -> 15
35 -> 14
35 -> 12
35 -> 15
35 -> 13
35 -> 13
35 -> 13
35 -> 13
36 [label="37,48,263,369,458,489:3"]
36 -> 18
36 -> 19
36 -> 17
36 -> 18
36 -> 16
36 -> 18
37 [label="113,159,270,319,402,439,522:3"]
37 -> 23
37 -> 20
37 -> 23
37 -> 20
37 -> 21
37 -> 21
37 -> 21
38 [label="17,28,46,132,154,156,192,217,367,379,424,514:3"]
38 -> 27
38 -> 25
38 -> 25
38 -> 26
38 -> 25
38 -> 26
38 -> 25
38 -> 24
38 -> 25
38 -> 27
38 -> 27
38 -> 24
39 [label="30,77,103,182,194,203,255,301:3"]
39 -> 28
39 -> 30
39 -> 28
39 -> 28
39 -> 30
39 -> 29
39 -> 29
39 -> 29
40 [label="70,134,176,315,436:3"]
40 -> 33
40 -> 35
40 -> 33
40 -> 34
40 -> 34
41 [label="112,158,202,318,488,513:3"]
41 -> 37
41 -> 37
41 -> 39
41 -> 37
41 -> 36
41 -> 38
42 [label="109,110,111,175,508,512:3"]
42 -> 42
42 -> 42
42 -> 41
42 -> 40
42 -> 43
42 -> 41
43 [label="40,57,86,372,420,492,509:3"]
43 -> 45
43 -> 47
43 -> 45
43 -> 45
43 -> 45
43 -> 46
43 -> 46
44 [label="93,223,285,342,363,415,426,468,505:3"]
44 -> 51
44 -> 51
44 -> 49
44 -> 48
44 -> 48
44 -> 48
44 -> 51
44 -> 50
44 -> 50
45 [label="19,41,87,211,251,294,325,337,373,421,471:3"]
45 -> 52
45 -> 53
45 -> 55
45 -> 52
45 -> 55
45 -> 53
45 -> 53
45 -> 54
45 -> 52
45 -> 54
45 -> 55
46 [label="66,80,125,173,340,346,381,400,493,510:3"]
46 -> 56
46 -> 56
46 -> 56
46 -> 58
46 -> 59
46 -> 56
46 -> 56
46 -> 57
46 -> 56
46 -> 58
47 [label="58,197,231,267:3"]
47 -> 60
47 -> 60
47 -> 63
47 -> 62
48 [label="1,105,169,274,343,364,416,429:3"]
48 -> 1
48 -> 1
48 -> 0
48 -> 3
48 -> 2
48 -> 2
48 -> 0
48 -> 0
49 [label="13,25,286:3"]
49 -> 7
49 -> 6
49 -> 7
50 [label="64,184,221,292,323,443,469,474,506:3"]
50 -> 11
50 -> 8
50 -> 11
50 -> 11
50 -> 11
50 -> 8
50 -> 11
50 -> 8
50 -> 10
51 [label="32,34,60,62,94,199,207,224,427,450,527,529:3"]
51 -> 12
51 -> 14
51 -> 12
51 -> 12
51 -> 13
51 -> 14
51 -> 15
51 -> 13
51 -> 12
51 -> 15
51 -> 12
51 -> 64
52 [label="10,20,96,139,212,234,277,350,374,386,409,453,497:3"]
52 -> 19
52 -> 16
52 -> 17
52 -> 19
52 -> 19
52 -> 17
52 -> 16
52 -> 17
52 -> 16
52 -> 16
52 -> 16
52 -> 17
52 -> 16
53 [label="42,54,116,142,226,259,295,303,312,326,478:3"]
53 -> 23
53 -> 22
53 -> 21
53 -> 21
53 -> 20
53 -> 21
53 -> 23
53 -> 20
53 -> 22
53 -> 21
53 -> 22
54 [label="130,190,283,338,393,413,422,486,520:3"]
54 -> 25
54 -> 25
54 -> 27
54 -> 27
54 -> 24
54 -> 27
54 -> 25
54 -> 26
54 -> 25
55 [label="52,88,90,205,248,252,257,433,472,484:3"]
55 -> 29
55 -> 29
55 -> 30
55 -> 28
55 -> 30
55 -> 30
55 -> 29
55 -> 30
55 -> 28
55 -> 29
56 [label="67,81,126,146,347,382,494:3"]
56 -> 34
56 -> 34
56 -> 33
56 -> 33
56 -> 35
56 -> 33
56 -> 35
57 [label="16,36,45,102,153,181,216,254,269,300,401:3"]
57 -> 38
57 -> 36
57 -> 38
57 -> 39
57 -> 38
57 -> 39
57 -> 38
57 -> 39
57 -> 37
57 -> 39
57 -> 37
58 [label="174,201,435,511:3"]
58 -> 42
58 -> 41
58 -> 40
58 -> 42
59 [label="79,92,196,210,250,341,362:3"]
59 -> 46
59 -> 44
59 -> 47
59 -> 45
59 -> 45
59 -> 44
59 -> 44
60 [label="59,168,198,273,291:3"]
60 -> 51
60 -> 48
60 -> 51
60 -> 48
60 -> 50
61 [label="51,138,233,247,311,392,452:3"]
61 -> 55
61 -> 52
61 -> 52
61 -> 55
61 -> 53
61 -> 54
61 -> 52
62 [label="101,180,209,215,268,299,361:3"]
62 -> 57
62 -> 57
62 -> 59
62 -> 57
62 -> 57
62 -> 57
62 -> 59
63 [label="100,137,232,289,290,298,360:3"]
63 -> 62
63 -> 61
63 -> 61
63 -> 63
63 -> 60
63 -> 62
63 -> 62
64 [label="530:3"]