0 [label="75,163,210,233,361,416,417,448,449,450,461,509,510,511,606,706,798,906,1043,1044,1051,1201,1271,1283,1310,1311,1327,1469,1627,1768:3"]
0 -> 2
0 -> 3
0 -> 2
0 -> 2
0 -> 3
0 -> 0
0 -> 2
0 -> 0
0 -> 0
0 -> 1
0 -> 1
0 -> 0
0 -> 0
0 -> 3
0 -> 3
0 -> 2
0 -> 2
0 -> 3
0 -> 0
0 -> 1
0 -> 1
0 -> 3
0 -> 3
0 -> 1
0 -> 0
0 -> 2
0 -> 1
0 -> 3
0 -> 2
0 -> 3
1 [label="63,107,139,303,424,451,462,471,532,581,610,634,716,794,928,1028,1045,1052,1284,1319,1328,1462,1475,1557,1640,1693,1808,1822:3"]
1 -> 4
1 -> 6
1 -> 4
1 -> 6
1 -> 6
1 -> 6
1 -> 5
1 -> 6
1 -> 4
1 -> 6
1 -> 5
1 -> 7
1 -> 4
1 -> 5
1 -> 4
1 -> 4
1 -> 5
1 -> 7
1 -> 4
1 -> 4
1 -> 7
1 -> 7
1 -> 5
1 -> 6
1 -> 7
1 -> 6
1 -> 7
1 -> 4
2 [label="55,66,76,81,119,197,211,234,279,308,329,380,418,478,515,525,625,642,655,675,707,769,799,818,970,993,1006,1021,1229,1312,1412,1421,1445,1454,1535,1569,1628,1689,1703,1774,1837,1844:3"]
2 -> 10
2 -> 8
2 -> 10
2 -> 11
2 -> 9
2 -> 8
2 -> 10
2 -> 11
2 -> 10
2 -> 8
2 -> 8
2 -> 11
2 -> 10
2 -> 8
2 -> 9
2 -> 10
2 -> 9
2 -> 9
2 -> 9
2 -> 8
2 -> 9
2 -> 10
2 -> 11
2 -> 8
2 -> 9
2 -> 10
2 -> 10
2 -> 9
2 -> 11
2 -> 8
2 -> 9
2 -> 9
2 -> 8
2 -> 8
2 -> 8
2 -> 10
2 -> 11
2 -> 9
2 -> 8
2 -> 9
2 -> 10
2 -> 8
3 [label="43,164,362,512,607,747,784,907,1025,1103,1193,1202,1264,1272,1306,1339,1448,1470,1583,1647,1665,1764,1769,1783:3"]
3 -> 13
3 -> 14
3 -> 14
3 -> 12
3 -> 12
3 -> 13
3 -> 13
3 -> 15
3 -> 12
3 -> 12
3 -> 13
3 -> 15
3 -> 12
3 -> 12
3 -> 14
3 -> 15
3 -> 14
3 -> 13
3 -> 14
3 -> 12
3 -> 13
3 -> 15
3 -> 13
3 -> 12
4 [label="64,140,219,352,354,422,519,521,533,649,717,719,727,789,821,929,1010,1029,1041,1146,1180,1227,1285,1304,1320,1325,1443,1588,1615,1623,1636,1752,1812,1823:3"]
4 -> 16
4 -> 18
4 -> 18
4 -> 17
4 -> 17
4 -> 16
4 -> 17
4 -> 18
4 -> 19
4 -> 18
4 -> 17
4 -> 18
4 -> 18
4 -> 17
4 -> 17
4 -> 18
4 -> 18
4 -> 17
4 -> 16
4 -> 19
4 -> 19
4 -> 16
4 -> 19
4 -> 16
4 -> 18
4 -> 16
4 -> 16
4 -> 19
4 -> 18
4 -> 19
4 -> 19
4 -> 17
4 -> 18
4 -> 19
5 [label="189,200,367,407,428,463,538,564,590,611,724,791,795,823,842,853,873,888,951,984,1046,1136,1163,1275,1476,1633,1683,1706,1754,1827,1847:3"]
5 -> 22
5 -> 20
5 -> 22
5 -> 21
5 -> 22
5 -> 20
5 -> 20
5 -> 20
5 -> 20
5 -> 23
5 -> 20
5 -> 20
5 -> 20
5 -> 20
5 -> 22
5 -> 21
5 -> 23
5 -> 21
5 -> 22
5 -> 22
5 -> 21
5 -> 22
5 -> 21
5 -> 21
5 -> 21
5 -> 20
5 -> 20
5 -> 22
5 -> 23
5 -> 21
5 -> 23
6 [label="108,205,229,304,335,376,389,412,425,452,472,544,555,582,678,756,826,832,1015,1031,1153,1244,1373,1492,1499,1517,1520,1558,1694,1795:3"]
6 -> 27
6 -> 27
6 -> 26
6 -> 27
6 -> 26
6 -> 25
6 -> 24
6 -> 27
6 -> 24
6 -> 27
6 -> 27
6 -> 25
6 -> 26
6 -> 25
6 -> 26
6 -> 25
6 -> 27
6 -> 24
6 -> 26
6 -> 26
6 -> 24
6 -> 26
6 -> 27
6 -> 27
6 -> 27
6 -> 24
6 -> 27
6 -> 26
6 -> 25
6 -> 25
7 [label="129,133,159,326,356,372,399,481,635,740,807,835,920,1053,1078,1106,1239,1267,1329,1384,1463,1484,1532,1641,1678,1809:3"]
7 -> 30
7 -> 29
7 -> 29
7 -> 28
7 -> 28
7 -> 29
7 -> 29
7 -> 30
7 -> 31
7 -> 30
7 -> 30
7 -> 31
7 -> 28
7 -> 30
7 -> 31
7 -> 28
7 -> 29
7 -> 31
7 -> 29
7 -> 30
7 -> 31
7 -> 31
7 -> 28
7 -> 29
7 -> 31
7 -> 28
8 [label="67,198,221,309,330,359,466,476,479,500,523,588,676,819,949,974,1073,1089,1120,1134,1151,1290,1313,1349,1446,1452,1455,1460,1536,1617,1701,1704,1762,1820,1845,1853:3"]
8 -> 35
8 -> 33
8 -> 34
8 -> 35
8 -> 34
8 -> 32
8 -> 34
8 -> 32
8 -> 33
8 -> 35
8 -> 32
8 -> 33
8 -> 33
8 -> 33
8 -> 33
8 -> 34
8 -> 34
8 -> 34
8 -> 35
8 -> 33
8 -> 33
8 -> 35
8 -> 35
8 -> 34
8 -> 32
8 -> 32
8 -> 34
8 -> 32
8 -> 34
8 -> 35
8 -> 32
8 -> 33
8 -> 32
8 -> 32
8 -> 33
8 -> 35
9 [label="120,142,297,442,516,541,601,626,643,656,708,713,866,869,881,893,923,971,1022,1075,1219,1254,1351,1413,1422,1457,1480,1548,1657,1690,1732,1738,1775,1803:3"]
9 -> 38
9 -> 36
9 -> 37
9 -> 36
9 -> 36
9 -> 36
9 -> 37
9 -> 37
9 -> 36
9 -> 37
9 -> 38
9 -> 36
9 -> 36
9 -> 37
9 -> 39
9 -> 38
9 -> 39
9 -> 36
9 -> 36
9 -> 36
9 -> 37
9 -> 39
9 -> 38
9 -> 37
9 -> 38
9 -> 36
9 -> 38
9 -> 39
9 -> 38
9 -> 36
9 -> 36
9 -> 39
9 -> 39
9 -> 38
10 [label="56,77,154,212,245,280,419,526,672,703,729,770,931,976,994,1007,1012,1109,1260,1346,1396,1538,1552,1570,1607,1650,1735,1838:3"]
10 -> 43
10 -> 41
10 -> 42
10 -> 42
10 -> 43
10 -> 41
10 -> 40
10 -> 40
10 -> 40
10 -> 40
10 -> 40
10 -> 42
10 -> 42
10 -> 40
10 -> 42
10 -> 40
10 -> 40
10 -> 43
10 -> 43
10 -> 40
10 -> 41
10 -> 43
10 -> 40
10 -> 40
10 -> 42
10 -> 43
10 -> 40
10 -> 42
11 [label="13,18,37,82,194,223,226,235,266,332,381,468,630,651,721,800,846,850,943,1083,1091,1156,1168,1230,1234,1322,1381,1564,1594,1629,1715,1814,1831:3"]
11 -> 47
11 -> 47
11 -> 45
11 -> 44
11 -> 44
11 -> 44
11 -> 44
11 -> 47
11 -> 47
11 -> 44
11 -> 47
11 -> 44
11 -> 46
11 -> 45
11 -> 44
11 -> 47
11 -> 46
11 -> 44
11 -> 47
11 -> 44
11 -> 47
11 -> 47
11 -> 46
11 -> 46
11 -> 45
11 -> 44
11 -> 44
11 -> 47
11 -> 46
11 -> 47
11 -> 45
11 -> 45
11 -> 45
12 [label="92,100,187,203,301,311,489,513,553,567,608,623,670,805,811,947,1019,1026,1101,1104,1265,1273,1337,1555,1605,1625,1638,1648,1784,1801,1825:3"]
12 -> 51
12 -> 51
12 -> 49
12 -> 49
12 -> 48
12 -> 51
12 -> 51
12 -> 48
12 -> 49
12 -> 51
12 -> 48
12 -> 48
12 -> 50
12 -> 49
12 -> 51
12 -> 50
12 -> 48
12 -> 48
12 -> 48
12 -> 49
12 -> 49
12 -> 49
12 -> 48
12 -> 48
12 -> 50
12 -> 48
12 -> 48
12 -> 50
12 -> 51
12 -> 50
12 -> 49
13 [label="7,44,102,403,436,682,691,748,762,766,785,877,1035,1194,1301,1315,1471,1543,1573,1580,1666,1722,1770:3"]
13 -> 55
13 -> 55
13 -> 55
13 -> 54
13 -> 55
13 -> 54
13 -> 55
13 -> 55
13 -> 53
13 -> 52
13 -> 55
13 -> 55
13 -> 54
13 -> 55
13 -> 52
13 -> 55
13 -> 55
13 -> 55
13 -> 55
13 -> 52
13 -> 54
13 -> 53
13 -> 54
14 [label="26,51,165,256,313,363,392,433,445,561,569,646,732,813,861,936,1003,1086,1125,1182,1295,1307,1409,1440,1449,1584,1611,1619,1686,1786,1855:3"]
14 -> 57
14 -> 58
14 -> 57
14 -> 57
14 -> 57
14 -> 59
14 -> 58
14 -> 56
14 -> 56
14 -> 56
14 -> 59
14 -> 56
14 -> 57
14 -> 59
14 -> 58
14 -> 59
14 -> 56
14 -> 56
14 -> 57
14 -> 58
14 -> 58
14 -> 56
14 -> 56
14 -> 56
14 -> 56
14 -> 58
14 -> 58
14 -> 58
14 -> 56
14 -> 59
14 -> 57
15 [label="69,72,85,94,145,216,270,276,320,486,491,502,529,535,593,688,752,908,913,979,1069,1122,1148,1203,1214,1287,1292,1340,1506,1590,1719,1748,1765,1791:3"]
15 -> 60
15 -> 60
15 -> 62
15 -> 62
15 -> 62
15 -> 60
15 -> 61
15 -> 60
15 -> 62
15 -> 60
15 -> 63
15 -> 62
15 -> 60
15 -> 60
15 -> 63
15 -> 60
15 -> 61
15 -> 63
15 -> 61
15 -> 61
15 -> 61
15 -> 60
15 -> 60
15 -> 63
15 -> 62
15 -> 60
15 -> 60
15 -> 62
15 -> 61
15 -> 61
15 -> 60
15 -> 62
15 -> 60
15 -> 61
16 [label="62,65,80,118,138,162,379,423,460,605,641,654,715,768,783,793,797,817,969,992,1024,1042,1228,1282,1305,1326,1399,1444,1468,1582,1646,1664,1692,1807,1836:3"]
16 -> 1
16 -> 2
16 -> 2
16 -> 2
16 -> 1
16 -> 0
16 -> 2
16 -> 1
16 -> 0
16 -> 0
16 -> 2
16 -> 2
16 -> 1
16 -> 2
16 -> 3
16 -> 1
16 -> 0
16 -> 2
16 -> 2
16 -> 2
16 -> 3
16 -> 0
16 -> 2
16 -> 0
16 -> 3
16 -> 0
16 -> 65
16 -> 2
16 -> 0
16 -> 3
16 -> 3
16 -> 3
16 -> 1
16 -> 1
16 -> 2
17 [label="158,325,351,353,355,371,375,398,518,520,543,718,726,755,790,822,825,872,887,1030,1077,1162,1243,1303,1372,1516,1635,1753,1794:3"]
17 -> 7
17 -> 7
17 -> 4
17 -> 4
17 -> 7
17 -> 7
17 -> 6
17 -> 7
17 -> 4
17 -> 4
17 -> 6
17 -> 4
17 -> 4
17 -> 6
17 -> 5
17 -> 5
17 -> 6
17 -> 5
17 -> 5
17 -> 6
17 -> 7
17 -> 5
17 -> 6
17 -> 4
17 -> 6
17 -> 6
17 -> 4
17 -> 5
17 -> 6
18 [label="12,36,141,220,465,522,540,600,629,650,720,728,868,930,973,1011,1072,1167,1259,1321,1345,1459,1479,1563,1593,1616,1700,1734,1813,1819,1830:3"]
18 -> 11
18 -> 11
18 -> 9
18 -> 8
18 -> 8
18 -> 8
18 -> 9
18 -> 9
18 -> 11
18 -> 11
18 -> 11
18 -> 10
18 -> 9
18 -> 10
18 -> 8
18 -> 10
18 -> 8
18 -> 11
18 -> 10
18 -> 11
18 -> 10
18 -> 8
18 -> 9
18 -> 11
18 -> 11
18 -> 8
18 -> 8
18 -> 10
18 -> 11
18 -> 8
18 -> 11
19 [label="91,144,186,202,275,300,319,402,444,485,534,566,592,645,761,765,935,1100,1147,1181,1286,1408,1439,1505,1589,1604,1624,1637,1685,1718,1824:3"]
19 -> 12
19 -> 15
19 -> 12
19 -> 12
19 -> 15
19 -> 12
19 -> 15
19 -> 13
19 -> 14
19 -> 15
19 -> 15
19 -> 12
19 -> 15
19 -> 14
19 -> 13
19 -> 13
19 -> 14
19 -> 12
19 -> 15
19 -> 14
19 -> 15
19 -> 14
19 -> 14
19 -> 15
19 -> 15
19 -> 12
19 -> 12
19 -> 12
19 -> 14
19 -> 15
19 -> 12
20 [label="61,90,117,185,201,299,464,539,565,591,604,628,725,764,792,796,824,871,1099,1166,1242,1478,1504,1603,1634,1645,1684,1829:3"]
20 -> 16
20 -> 19
20 -> 16
20 -> 19
20 -> 19
20 -> 19
20 -> 18
20 -> 18
20 -> 19
20 -> 19
20 -> 16
20 -> 18
20 -> 17
20 -> 19
20 -> 16
20 -> 16
20 -> 17
20 -> 17
20 -> 19
20 -> 18
20 -> 17
20 -> 18
20 -> 19
20 -> 19
20 -> 17
20 -> 16
20 -> 19
20 -> 18
21 [label="115,116,259,260,286,287,340,341,408,603,854,889,901,902,1047,1098,1140,1164,1165,1221,1222,1276,1277,1403,1415,1477,1644,1828:3"]
21 -> 21
21 -> 20
21 -> 21
21 -> 23
21 -> 21
21 -> 23
21 -> 21
21 -> 22
21 -> 22
21 -> 20
21 -> 23
21 -> 22
21 -> 21
21 -> 23
21 -> 23
21 -> 20
21 -> 23
21 -> 21
21 -> 20
21 -> 21
21 -> 22
21 -> 21
21 -> 22
21 -> 22
21 -> 22
21 -> 20
21 -> 20
21 -> 20
22 [label="174,190,342,368,409,429,506,843,858,890,952,985,1066,1137,1223,1278,1404,1416,1496,1670,1707,1724:3"]
22 -> 25
22 -> 27
22 -> 25
22 -> 25
22 -> 24
22 -> 27
22 -> 24
22 -> 24
22 -> 24
22 -> 24
22 -> 26
22 -> 25
22 -> 24
22 -> 25
22 -> 26
22 -> 27
22 -> 26
22 -> 25
22 -> 24
22 -> 25
22 -> 25
22 -> 26
23 [label="29,40,261,288,292,612,658,855,874,897,903,1048,1141,1207,1390,1527,1577,1673,1755,1848:3"]
23 -> 31
23 -> 28
23 -> 29
23 -> 30
23 -> 31
23 -> 30
23 -> 29
23 -> 29
23 -> 28
23 -> 31
23 -> 28
23 -> 28
23 -> 31
23 -> 30
23 -> 29
23 -> 29
23 -> 28
23 -> 29
23 -> 30
23 -> 30
24 [label="264,390,405,410,426,498,507,833,844,859,891,1039,1067,1154,1299,1379,1419,1482,1497,1518,1530,1772:3"]
24 -> 34
24 -> 35
24 -> 33
24 -> 33
24 -> 33
24 -> 34
24 -> 32
24 -> 33
24 -> 34
24 -> 35
24 -> 34
24 -> 33
24 -> 35
24 -> 34
24 -> 35
24 -> 34
24 -> 32
24 -> 33
24 -> 33
24 -> 33
24 -> 33
24 -> 32
25 [label="175,273,343,369,377,456,545,547,576,583,598,639,757,759,776,895,986,988,1037,1061,1138,1417,1659,1668,1671,1695,1708,1796,1805,1834:3"]
25 -> 39
25 -> 36
25 -> 38
25 -> 36
25 -> 36
25 -> 39
25 -> 38
25 -> 38
25 -> 38
25 -> 39
25 -> 36
25 -> 36
25 -> 38
25 -> 36
25 -> 38
25 -> 37
25 -> 38
25 -> 39
25 -> 38
25 -> 38
25 -> 37
25 -> 38
25 -> 39
25 -> 37
25 -> 37
25 -> 39
25 -> 39
25 -> 39
25 -> 36
25 -> 36
26 [label="112,122,126,230,240,252,316,336,556,679,778,953,1016,1032,1063,1113,1128,1175,1211,1224,1245,1332,1405,1424,1428,1559,1725:3"]
26 -> 41
26 -> 43
26 -> 40
26 -> 40
26 -> 42
26 -> 42
26 -> 41
26 -> 42
26 -> 42
26 -> 40
26 -> 41
26 -> 42
26 -> 40
26 -> 40
26 -> 41
26 -> 43
26 -> 41
26 -> 42
26 -> 40
26 -> 40
26 -> 43
26 -> 42
26 -> 41
26 -> 43
26 -> 43
26 -> 42
26 -> 42
27 [label="109,191,206,249,305,345,413,430,453,473,549,578,619,661,684,696,710,827,1131,1279,1353,1374,1432,1493,1500,1509,1521:3"]
27 -> 45
27 -> 44
27 -> 47
27 -> 45
27 -> 44
27 -> 46
27 -> 44
27 -> 44
27 -> 45
27 -> 44
27 -> 46
27 -> 44
27 -> 47
27 -> 45
27 -> 47
27 -> 44
27 -> 44
27 -> 47
27 -> 44
27 -> 45
27 -> 47
27 -> 46
27 -> 45
27 -> 45
27 -> 46
27 -> 47
27 -> 47
28 [label="24,41,327,357,750,787,875,879,904,921,941,982,1049,1107,1237,1317,1473,1533,1550,1578,1676,1713,1730,1746,1781,1810:3"]
28 -> 51
28 -> 48
28 -> 48
28 -> 50
28 -> 51
28 -> 49
28 -> 51
28 -> 50
28 -> 48
28 -> 50
28 -> 50
28 -> 49
28 -> 48
28 -> 50
28 -> 49
28 -> 48
28 -> 48
28 -> 48
28 -> 50
28 -> 51
28 -> 49
28 -> 50
28 -> 50
28 -> 51
28 -> 48
28 -> 49
29 [label="134,136,160,262,349,373,400,458,574,659,735,781,856,960,990,1173,1196,1240,1330,1391,1528,1575,1642,1674,1777,1779,1817:3"]
29 -> 55
29 -> 52
29 -> 52
29 -> 54
29 -> 52
29 -> 52
29 -> 52
29 -> 52
29 -> 54
29 -> 54
29 -> 55
29 -> 52
29 -> 53
29 -> 55
29 -> 52
29 -> 54
29 -> 55
29 -> 53
29 -> 54
29 -> 55
29 -> 54
29 -> 53
29 -> 53
29 -> 55
29 -> 55
29 -> 55
29 -> 52
30 [label="1,104,130,168,177,289,482,613,741,808,925,1054,1058,1190,1198,1208,1256,1385,1393,1598,1756,1759,1849:3"]
30 -> 58
30 -> 56
30 -> 56
30 -> 59
30 -> 58
30 -> 57
30 -> 57
30 -> 58
30 -> 59
30 -> 56
30 -> 56
30 -> 58
30 -> 57
30 -> 56
30 -> 56
30 -> 57
30 -> 57
30 -> 59
30 -> 56
30 -> 59
30 -> 57
30 -> 56
30 -> 58
31 [label="9,30,46,283,293,438,585,636,664,693,737,836,883,898,916,962,998,1079,1142,1187,1268,1365,1435,1464,1485,1488,1545,1661,1679,1697,1710,1740,1798,1858:3"]
31 -> 61
31 -> 63
31 -> 63
31 -> 61
31 -> 63
31 -> 63
31 -> 60
31 -> 61
31 -> 62
31 -> 61
31 -> 60
31 -> 62
31 -> 63
31 -> 61
31 -> 63
31 -> 62
31 -> 63
31 -> 63
31 -> 63
31 -> 61
31 -> 60
31 -> 62
31 -> 62
31 -> 62
31 -> 61
31 -> 62
31 -> 60
31 -> 61
31 -> 63
31 -> 61
31 -> 61
31 -> 63
31 -> 60
31 -> 63
32 [label="54,106,232,360,447,477,508,524,633,674,705,746,927,1005,1192,1200,1309,1411,1420,1447,1453,1461,1688,1702,1763,1773,1821,1843:3"]
32 -> 2
32 -> 1
32 -> 0
32 -> 0
32 -> 0
32 -> 2
32 -> 0
32 -> 2
32 -> 1
32 -> 2
32 -> 0
32 -> 3
32 -> 1
32 -> 2
32 -> 3
32 -> 0
32 -> 0
32 -> 2
32 -> 2
32 -> 3
32 -> 2
32 -> 1
32 -> 2
32 -> 2
32 -> 3
32 -> 2
32 -> 1
32 -> 2
33 [label="128,132,199,388,406,411,421,427,480,563,589,648,677,820,834,950,1009,1014,1040,1135,1152,1179,1226,1442,1483,1491,1498,1519,1531,1587,1614,1622,1705,1751,1846:3"]
33 -> 7
33 -> 7
33 -> 5
33 -> 6
33 -> 5
33 -> 6
33 -> 4
33 -> 5
33 -> 7
33 -> 5
33 -> 5
33 -> 4
33 -> 6
33 -> 4
33 -> 7
33 -> 5
33 -> 4
33 -> 6
33 -> 4
33 -> 5
33 -> 6
33 -> 4
33 -> 4
33 -> 4
33 -> 7
33 -> 6
33 -> 6
33 -> 6
33 -> 7
33 -> 4
33 -> 4
33 -> 4
33 -> 5
33 -> 4
33 -> 5
34 [label="17,153,222,244,265,331,467,499,702,845,849,865,892,975,1074,1088,1090,1155,1218,1233,1253,1348,1350,1380,1395,1451,1456,1537,1656,1737,1761,1852:3"]
34 -> 11
34 -> 10
34 -> 11
34 -> 10
34 -> 11
34 -> 11
34 -> 11
34 -> 8
34 -> 10
34 -> 11
34 -> 11
34 -> 9
34 -> 9
34 -> 10
34 -> 9
34 -> 8
34 -> 11
34 -> 11
34 -> 9
34 -> 11
34 -> 9
34 -> 8
34 -> 9
34 -> 11
34 -> 10
34 -> 8
34 -> 9
34 -> 10
34 -> 9
34 -> 9
34 -> 8
34 -> 8
35 [label="50,68,215,255,310,391,435,501,528,552,681,731,804,810,860,978,1002,1018,1034,1068,1121,1213,1291,1300,1314,1336,1542,1554,1572,1610,1618,1854:3"]
35 -> 14
35 -> 15
35 -> 15
35 -> 14
35 -> 12
35 -> 14
35 -> 13
35 -> 15
35 -> 15
35 -> 12
35 -> 13
35 -> 14
35 -> 12
35 -> 12
35 -> 14
35 -> 15
35 -> 14
35 -> 12
35 -> 13
35 -> 15
35 -> 15
35 -> 15
35 -> 15
35 -> 13
35 -> 13
35 -> 12
35 -> 13
35 -> 12
35 -> 13
35 -> 14
35 -> 14
35 -> 14
36 [label="35,79,143,157,274,318,324,370,378,443,484,517,542,599,640,644,714,760,867,934,972,1023,1076,1258,1344,1398,1407,1438,1458,1467,1515,1562,1691,1733,1806,1835:3"]
36 -> 18
36 -> 16
36 -> 19
36 -> 17
36 -> 19
36 -> 19
36 -> 17
36 -> 17
36 -> 16
36 -> 19
36 -> 19
36 -> 17
36 -> 17
36 -> 18
36 -> 16
36 -> 19
36 -> 16
36 -> 19
36 -> 18
36 -> 19
36 -> 18
36 -> 16
36 -> 17
36 -> 18
36 -> 18
36 -> 16
36 -> 19
36 -> 19
36 -> 18
36 -> 16
36 -> 17
36 -> 18
36 -> 16
36 -> 18
36 -> 16
36 -> 16
37 [label="28,89,114,184,258,291,298,339,505,602,627,657,870,896,1065,1139,1220,1389,1414,1503,1669,1672:3"]
37 -> 23
37 -> 20
37 -> 21
37 -> 20
37 -> 21
37 -> 23
37 -> 20
37 -> 21
37 -> 22
37 -> 21
37 -> 20
37 -> 23
37 -> 20
37 -> 23
37 -> 22
37 -> 21
37 -> 21
37 -> 23
37 -> 21
37 -> 20
37 -> 22
37 -> 23
38 [label="121,315,344,497,546,548,577,597,709,758,777,894,987,1038,1060,1062,1127,1130,1210,1298,1352,1418,1423,1481,1658,1804:3"]
38 -> 26
38 -> 26
38 -> 27
38 -> 24
38 -> 25
38 -> 27
38 -> 27
38 -> 25
38 -> 27
38 -> 25
38 -> 26
38 -> 25
38 -> 25
38 -> 24
38 -> 25
38 -> 26
38 -> 26
38 -> 27
38 -> 26
38 -> 24
38 -> 27
38 -> 24
38 -> 26
38 -> 24
38 -> 25
38 -> 25
39 [label="23,167,176,282,348,457,573,584,734,780,882,924,989,997,1057,1186,1255,1364,1549,1597,1660,1696,1709,1729,1739,1745,1758,1776,1797,1857:3"]
39 -> 28
39 -> 30
39 -> 30
39 -> 31
39 -> 29
39 -> 29
39 -> 29
39 -> 31
39 -> 29
39 -> 29
39 -> 31
39 -> 30
39 -> 29
39 -> 31
39 -> 30
39 -> 31
39 -> 30
39 -> 31
39 -> 28
39 -> 30
39 -> 31
39 -> 31
39 -> 31
39 -> 28
39 -> 31
39 -> 28
39 -> 30
39 -> 29
39 -> 31
39 -> 31
40 [label="53,127,152,214,231,243,254,420,527,673,680,704,730,745,864,977,1008,1013,1017,1033,1178,1212,1217,1225,1252,1335,1347,1553,1571,1586,1609,1613,1621,1655,1736,1842,1851:3"]
40 -> 32
40 -> 33
40 -> 34
40 -> 35
40 -> 32
40 -> 34
40 -> 35
40 -> 33
40 -> 35
40 -> 32
40 -> 35
40 -> 32
40 -> 35
40 -> 32
40 -> 34
40 -> 35
40 -> 33
40 -> 33
40 -> 35
40 -> 35
40 -> 33
40 -> 35
40 -> 34
40 -> 33
40 -> 34
40 -> 35
40 -> 34
40 -> 35
40 -> 35
40 -> 33
40 -> 35
40 -> 33
40 -> 33
40 -> 34
40 -> 34
40 -> 32
40 -> 34
41 [label="34,78,88,113,156,281,317,323,338,779,933,996,1056,1064,1129,1185,1297,1343,1363,1397,1406,1514,1561,1728,1744:3"]
41 -> 36
41 -> 36
41 -> 37
41 -> 37
41 -> 36
41 -> 39
41 -> 36
41 -> 36
41 -> 37
41 -> 39
41 -> 36
41 -> 39
41 -> 39
41 -> 37
41 -> 38
41 -> 39
41 -> 38
41 -> 36
41 -> 39
41 -> 36
41 -> 36
41 -> 36
41 -> 36
41 -> 39
41 -> 39
42 [label="3,151,155,213,241,242,253,337,394,557,615,771,863,932,954,995,1176,1177,1184,1333,1334,1362,1560,1608,1726,1727,1839,1840,1841:3"]
42 -> 43
42 -> 40
42 -> 41
42 -> 40
42 -> 42
42 -> 40
42 -> 40
42 -> 41
42 -> 43
42 -> 43
42 -> 43
42 -> 43
42 -> 40
42 -> 41
42 -> 43
42 -> 41
42 -> 42
42 -> 40
42 -> 41
42 -> 42
42 -> 40
42 -> 41
42 -> 41
42 -> 40
42 -> 42
42 -> 41
42 -> 42
42 -> 42
42 -> 40
43 [label="4,57,123,179,246,395,558,616,772,839,955,1110,1114,1246,1261,1368,1425,1429,1539,1651:3"]
43 -> 44
43 -> 47
43 -> 45
43 -> 47
43 -> 45
43 -> 45
43 -> 44
43 -> 45
43 -> 47
43 -> 44
43 -> 47
43 -> 45
43 -> 46
43 -> 47
43 -> 44
43 -> 47
43 -> 45
43 -> 45
43 -> 46
43 -> 47
44 [label="5,83,192,195,224,227,306,333,365,414,431,469,474,559,579,697,711,722,840,851,1084,1132,1262,1323,1382:3"]
44 -> 51
44 -> 51
44 -> 50
44 -> 48
44 -> 50
44 -> 49
44 -> 48
44 -> 49
44 -> 49
44 -> 48
44 -> 51
44 -> 48
44 -> 50
44 -> 51
44 -> 48
44 -> 48
44 -> 50
44 -> 49
44 -> 49
44 -> 49
44 -> 51
44 -> 50
44 -> 48
44 -> 49
44 -> 49
45 [label="38,110,124,247,250,396,454,617,652,662,815,1096,1111,1171,1235,1280,1377,1426,1430,1433,1494,1716,1815,1832:3"]
45 -> 53
45 -> 54
45 -> 54
45 -> 54
45 -> 54
45 -> 52
45 -> 54
45 -> 54
45 -> 52
45 -> 55
45 -> 52
45 -> 53
45 -> 54
45 -> 55
45 -> 55
45 -> 52
45 -> 54
45 -> 54
45 -> 54
45 -> 55
45 -> 53
45 -> 52
45 -> 55
45 -> 54
46 [label="346,495,550,571,631,743,847,1115,1169,1231,1375,1387,1501,1540,1595:3"]
46 -> 57
46 -> 57
46 -> 56
46 -> 57
46 -> 56
46 -> 58
46 -> 56
46 -> 59
46 -> 59
46 -> 56
46 -> 59
46 -> 57
46 -> 57
46 -> 56
46 -> 57
47 [label="14,19,58,97,148,170,180,207,236,267,382,620,667,685,773,801,828,938,944,956,965,1092,1117,1157,1247,1354,1369,1510,1522,1565,1600,1630,1652,1788:3"]
47 -> 62
47 -> 63
47 -> 61
47 -> 60
47 -> 62
47 -> 63
47 -> 63
47 -> 60
47 -> 63
47 -> 60
47 -> 63
47 -> 60
47 -> 60
47 -> 60
47 -> 61
47 -> 62
47 -> 63
47 -> 61
47 -> 60
47 -> 63
47 -> 63
47 -> 63
47 -> 60
47 -> 63
47 -> 63
47 -> 63
47 -> 61
47 -> 63
47 -> 63
47 -> 63
47 -> 61
47 -> 60
47 -> 62
47 -> 60
48 [label="42,74,196,209,278,302,307,328,415,470,514,531,580,609,624,698,905,1020,1027,1050,1102,1263,1270,1318,1338,1474,1534,1556,1568,1626,1639,1767,1782:3"]
48 -> 3
48 -> 0
48 -> 2
48 -> 0
48 -> 2
48 -> 1
48 -> 2
48 -> 2
48 -> 0
48 -> 1
48 -> 2
48 -> 1
48 -> 1
48 -> 1
48 -> 2
48 -> 66
48 -> 0
48 -> 2
48 -> 1
48 -> 0
48 -> 3
48 -> 3
48 -> 0
48 -> 1
48 -> 3
48 -> 1
48 -> 2
48 -> 1
48 -> 2
48 -> 0
48 -> 1
48 -> 0
48 -> 3
49 [label="188,204,218,228,334,366,537,554,723,739,788,806,831,841,852,919,983,1105,1145,1238,1266,1274,1324,1383,1632,1677,1682,1811,1826:3"]
49 -> 5
49 -> 6
49 -> 4
49 -> 6
49 -> 6
49 -> 5
49 -> 5
49 -> 6
49 -> 5
49 -> 7
49 -> 4
49 -> 7
49 -> 6
49 -> 5
49 -> 5
49 -> 7
49 -> 5
49 -> 7
49 -> 4
49 -> 7
49 -> 7
49 -> 5
49 -> 4
49 -> 7
49 -> 5
49 -> 7
49 -> 5
49 -> 4
49 -> 5
50 [label="193,225,296,358,441,475,587,671,712,880,922,942,948,1082,1108,1119,1133,1150,1289,1547,1551,1606,1649,1714,1731,1802:3"]
50 -> 11
50 -> 11
50 -> 9
50 -> 8
50 -> 9
50 -> 8
50 -> 8
50 -> 10
50 -> 9
50 -> 9
50 -> 9
50 -> 11
50 -> 8
50 -> 11
50 -> 10
50 -> 8
50 -> 8
50 -> 8
50 -> 8
50 -> 9
50 -> 10
50 -> 10
50 -> 10
50 -> 11
50 -> 9
50 -> 9
51 [label="6,25,71,84,93,99,101,269,312,432,488,490,560,568,622,669,687,690,751,812,876,912,946,1085,1124,1294,1579,1721,1747,1785,1790,1800:3"]
51 -> 13
51 -> 14
51 -> 15
51 -> 15
51 -> 15
51 -> 12
51 -> 13
51 -> 15
51 -> 14
51 -> 14
51 -> 12
51 -> 15
51 -> 14
51 -> 14
51 -> 12
51 -> 12
51 -> 15
51 -> 13
51 -> 15
51 -> 14
51 -> 13
51 -> 15
51 -> 12
51 -> 14
51 -> 14
51 -> 14
51 -> 13
51 -> 13
51 -> 15
51 -> 14
51 -> 15
51 -> 12
52 [label="11,137,161,350,374,397,401,459,653,754,767,782,816,886,968,991,1071,1161,1281,1302,1371,1581,1592,1663,1699,1717,1793,1818:3"]
52 -> 18
52 -> 16
52 -> 16
52 -> 17
52 -> 17
52 -> 17
52 -> 19
52 -> 16
52 -> 16
52 -> 17
52 -> 16
52 -> 16
52 -> 16
52 -> 17
52 -> 16
52 -> 16
52 -> 18
52 -> 17
52 -> 16
52 -> 17
52 -> 17
52 -> 16
52 -> 18
52 -> 16
52 -> 18
52 -> 19
52 -> 17
52 -> 18
53 [label="39,60,173,285,763,857,900,1097,1206,1241,1495,1526,1576,1602,1643,1723:3"]
53 -> 23
53 -> 20
53 -> 22
53 -> 21
53 -> 20
53 -> 22
53 -> 21
53 -> 21
53 -> 23
53 -> 20
53 -> 22
53 -> 23
53 -> 23
53 -> 20
53 -> 21
53 -> 22
54 [label="111,125,239,248,251,263,272,404,455,575,618,638,660,683,695,775,1036,1112,1174,1331,1378,1427,1431,1508,1529,1667,1771,1833:3"]
54 -> 26
54 -> 26
54 -> 26
54 -> 27
54 -> 26
54 -> 24
54 -> 25
54 -> 24
54 -> 25
54 -> 25
54 -> 27
54 -> 25
54 -> 27
54 -> 27
54 -> 27
54 -> 25
54 -> 25
54 -> 26
54 -> 26
54 -> 26
54 -> 24
54 -> 26
54 -> 27
54 -> 27
54 -> 24
54 -> 25
54 -> 24
54 -> 25
55 [label="8,45,103,135,437,663,692,736,749,786,878,915,940,959,961,981,1172,1189,1195,1197,1236,1316,1392,1434,1472,1487,1544,1574,1675,1712,1778,1780,1816:3"]
55 -> 31
55 -> 31
55 -> 30
55 -> 29
55 -> 31
55 -> 31
55 -> 31
55 -> 31
55 -> 28
55 -> 28
55 -> 28
55 -> 31
55 -> 28
55 -> 29
55 -> 31
55 -> 28
55 -> 29
55 -> 30
55 -> 29
55 -> 30
55 -> 28
55 -> 28
55 -> 30
55 -> 31
55 -> 28
55 -> 31
55 -> 31
55 -> 29
55 -> 28
55 -> 28
55 -> 29
55 -> 28
55 -> 29
56 [label="16,49,105,131,387,434,446,551,562,632,647,803,809,848,926,1001,1004,1087,1191,1199,1232,1308,1394,1410,1441,1450,1490,1541,1687,1750,1760:3"]
56 -> 34
56 -> 35
56 -> 32
56 -> 33
56 -> 33
56 -> 35
56 -> 32
56 -> 35
56 -> 33
56 -> 32
56 -> 33
56 -> 35
56 -> 35
56 -> 34
56 -> 32
56 -> 35
56 -> 32
56 -> 34
56 -> 32
56 -> 32
56 -> 34
56 -> 32
56 -> 34
56 -> 32
56 -> 33
56 -> 34
56 -> 33
56 -> 35
56 -> 32
56 -> 33
56 -> 34
57 [label="22,27,166,183,257,290,314,347,483,496,504,572,596,733,1059,1126,1209,1257,1388,1437,1466,1502,1596,1757,1856,1861:3"]
57 -> 39
57 -> 37
57 -> 39
57 -> 37
57 -> 37
57 -> 37
57 -> 38
57 -> 39
57 -> 36
57 -> 38
57 -> 37
57 -> 39
57 -> 38
57 -> 39
57 -> 38
57 -> 38
57 -> 38
57 -> 36
57 -> 37
57 -> 36
57 -> 36
57 -> 37
57 -> 39
57 -> 39
57 -> 39
57 -> 64
58 [label="2,33,52,87,150,178,322,393,614,744,838,862,1055,1183,1216,1251,1296,1342,1361,1367,1513,1585,1612,1620,1654,1743,1850:3"]
58 -> 42
58 -> 41
58 -> 40
58 -> 41
58 -> 42
58 -> 43
58 -> 41
58 -> 42
58 -> 42
58 -> 40
58 -> 43
58 -> 42
58 -> 41
58 -> 42
58 -> 40
58 -> 40
58 -> 41
58 -> 41
58 -> 42
58 -> 43
58 -> 41
58 -> 40
58 -> 40
58 -> 40
58 -> 40
58 -> 41
58 -> 40
59 [label="96,147,169,364,494,570,666,742,814,937,964,1095,1116,1170,1376,1386,1599,1787:3"]
59 -> 47
59 -> 47
59 -> 47
59 -> 44
59 -> 46
59 -> 46
59 -> 47
59 -> 46
59 -> 45
59 -> 47
59 -> 47
59 -> 45
59 -> 47
59 -> 45
59 -> 45
59 -> 46
59 -> 47
59 -> 47
60 [label="70,73,98,208,217,268,277,295,440,487,530,536,586,621,668,686,689,738,830,911,918,945,1081,1118,1123,1144,1149,1269,1288,1293,1546,1567,1631,1681,1720,1766,1789,1799:3"]
60 -> 51
60 -> 48
60 -> 51
60 -> 48
60 -> 49
60 -> 51
60 -> 48
60 -> 50
60 -> 50
60 -> 51
60 -> 48
60 -> 49
60 -> 50
60 -> 51
60 -> 51
60 -> 51
60 -> 51
60 -> 49
60 -> 49
60 -> 51
60 -> 49
60 -> 51
60 -> 50
60 -> 50
60 -> 51
60 -> 49
60 -> 50
60 -> 48
60 -> 50
60 -> 51
60 -> 50
60 -> 48
60 -> 49
60 -> 49
60 -> 51
60 -> 48
60 -> 51
60 -> 51
61 [label="10,59,172,238,271,284,637,694,753,774,885,899,914,939,958,967,980,1070,1160,1188,1205,1370,1486,1507,1525,1591,1601,1662,1698,1711,1792:3"]
61 -> 52
61 -> 53
61 -> 53
61 -> 54
61 -> 54
61 -> 53
61 -> 54
61 -> 54
61 -> 52
61 -> 54
61 -> 52
61 -> 53
61 -> 55
61 -> 55
61 -> 55
61 -> 52
61 -> 55
61 -> 52
61 -> 52
61 -> 55
61 -> 53
61 -> 52
61 -> 55
61 -> 54
61 -> 53
61 -> 52
61 -> 53
61 -> 52
61 -> 52
61 -> 55
61 -> 52
62 [label="15,21,32,48,86,95,146,149,182,321,386,493,503,595,665,802,837,963,1000,1094,1215,1250,1341,1360,1366,1436,1465,1489,1512,1653,1742,1749,1860:3"]
62 -> 56
62 -> 57
62 -> 58
62 -> 56
62 -> 58
62 -> 59
62 -> 59
62 -> 58
62 -> 57
62 -> 58
62 -> 56
62 -> 59
62 -> 57
62 -> 57
62 -> 59
62 -> 56
62 -> 58
62 -> 59
62 -> 56
62 -> 59
62 -> 58
62 -> 58
62 -> 58
62 -> 58
62 -> 58
62 -> 57
62 -> 57
62 -> 56
62 -> 58
62 -> 58
62 -> 58
62 -> 56
62 -> 57
63 [label="20,31,47,171,181,237,294,383,384,385,439,492,594,829,884,909,910,917,957,966,999,1080,1093,1143,1158,1159,1204,1248,1249,1355,1356,1357,1358,1359,1511,1523,1524,1566,1680,1741,1859:3"]
63 -> 62
63 -> 62
63 -> 62
63 -> 61
63 -> 62
63 -> 61
63 -> 60
63 -> 63
63 -> 63
63 -> 62
63 -> 60
63 -> 62
63 -> 62
63 -> 60
63 -> 61
63 -> 63
63 -> 60
63 -> 60
63 -> 61
63 -> 61
63 -> 62
63 -> 60
63 -> 62
63 -> 60
63 -> 63
63 -> 61
63 -> 61
63 -> 63
63 -> 62
63 -> 63
63 -> 63
63 -> 63
63 -> 63
63 -> 62
63 -> 62
63 -> 63
63 -> 61
63 -> 60
63 -> 60
63 -> 62
63 -> 62
64 [label="1862:3"]
65 [label="1400:3"]
66 [label="699:3"]