0 [label="316,496,557:3"]
0 -> 2
0 -> 3
0 -> 3
1 [label="84,92,119,188,199,328,352,414,568:3"]
1 -> 7
1 -> 4
1 -> 7
1 -> 5
1 -> 4
1 -> 4
1 -> 7
1 -> 7
1 -> 4
2 [label="17,44,112,317,342,378,409,487,574:3"]
2 -> 9
2 -> 10
2 -> 10
2 -> 8
2 -> 9
2 -> 11
2 -> 9
2 -> 10
2 -> 10
3 [label="67,106,178,323,459,469,497,538,558,571:3"]
3 -> 14
3 -> 12
3 -> 14
3 -> 13
3 -> 14
3 -> 13
3 -> 12
3 -> 14
3 -> 14
3 -> 12
4 [label="6,73,93,200,273,309,329,515,569:3"]
4 -> 18
4 -> 17
4 -> 19
4 -> 19
4 -> 19
4 -> 19
4 -> 18
4 -> 17
4 -> 16
5 [label="10,33,116,135,138,146,189,192,282,334,400,423,440,443:3"]
5 -> 22
5 -> 22
5 -> 20
5 -> 20
5 -> 22
5 -> 23
5 -> 20
5 -> 20
5 -> 23
5 -> 21
5 -> 21
5 -> 21
5 -> 20
5 -> 23
6 [label="170,234,388,396,430,517,521,546:3"]
6 -> 27
6 -> 27
6 -> 26
6 -> 25
6 -> 27
6 -> 27
6 -> 26
6 -> 26
7 [label="75,85,103,120,305,353,415:3"]
7 -> 29
7 -> 31
7 -> 28
7 -> 30
7 -> 29
7 -> 31
7 -> 28
8 [label="8,152,186,247,318,529,555:3"]
8 -> 33
8 -> 35
8 -> 32
8 -> 34
8 -> 34
8 -> 35
8 -> 32
9 [label="18,58,109,286,320,343,410,437,578,591:3"]
9 -> 39
9 -> 38
9 -> 36
9 -> 38
9 -> 36
9 -> 37
9 -> 37
9 -> 36
9 -> 39
9 -> 38
10 [label="45,113,213,331,393,488,533,564,575:3"]
10 -> 41
10 -> 40
10 -> 41
10 -> 40
10 -> 40
10 -> 42
10 -> 41
10 -> 42
10 -> 40
11 [label="25,98,249,338,379,427,448:3"]
11 -> 46
11 -> 46
11 -> 46
11 -> 47
11 -> 47
11 -> 44
11 -> 46
12 [label="31,107,150,168,275,314,498,531,572,589:3"]
12 -> 49
12 -> 50
12 -> 50
12 -> 49
12 -> 51
12 -> 48
12 -> 51
12 -> 50
12 -> 48
12 -> 50
13 [label="95,154,164,195,202,267,296,324,361,418,470,500:3"]
13 -> 52
13 -> 55
13 -> 55
13 -> 55
13 -> 54
13 -> 55
13 -> 52
13 -> 55
13 -> 55
13 -> 54
13 -> 54
13 -> 54
14 [label="68,79,179,218,277,291,311,385,460,477,508,539,559,597:3"]
14 -> 59
14 -> 57
14 -> 59
14 -> 58
14 -> 57
14 -> 59
14 -> 56
14 -> 56
14 -> 57
14 -> 57
14 -> 59
14 -> 57
14 -> 58
14 -> 57
15 [label="159,183,206,240,263,299,348,367:3"]
15 -> 63
15 -> 60
15 -> 61
15 -> 61
15 -> 62
15 -> 61
15 -> 61
15 -> 63
16 [label="16,43,111,118,177,322,351,408,413,468,570:3"]
16 -> 2
16 -> 2
16 -> 2
16 -> 1
16 -> 3
16 -> 3
16 -> 1
16 -> 2
16 -> 1
16 -> 3
16 -> 3
17 [label="5,74,102,137,191,233,281,308,399,439,442,514,516,545:3"]
17 -> 4
17 -> 7
17 -> 7
17 -> 5
17 -> 5
17 -> 6
17 -> 5
17 -> 4
17 -> 5
17 -> 5
17 -> 5
17 -> 4
17 -> 6
17 -> 6
18 [label="7,24,97,212,330,337,426,436,554:3"]
18 -> 8
18 -> 11
18 -> 11
18 -> 10
18 -> 10
18 -> 11
18 -> 11
18 -> 9
18 -> 8
19 [label="78,94,194,201,274,290,298,310,360,384,588,596:3"]
19 -> 14
19 -> 13
19 -> 13
19 -> 13
19 -> 12
19 -> 14
19 -> 15
19 -> 14
19 -> 13
19 -> 14
19 -> 12
19 -> 14
20 [label="4,23,42,117,136,190,193,232,280,336,359,383,407,412,425,441,587:3"]
20 -> 17
20 -> 18
20 -> 16
20 -> 16
20 -> 17
20 -> 17
20 -> 19
20 -> 17
20 -> 17
20 -> 18
20 -> 19
20 -> 19
20 -> 16
20 -> 16
20 -> 18
20 -> 17
20 -> 19
21 [label="335,401,424,480:3"]
21 -> 20
21 -> 22
21 -> 20
21 -> 23
22 [label="11,34,139,209,402,474:3"]
22 -> 25
22 -> 25
22 -> 27
22 -> 25
22 -> 25
22 -> 24
23 [label="37,147,254,283,345,444,481:3"]
23 -> 29
23 -> 28
23 -> 31
23 -> 28
23 -> 28
23 -> 31
23 -> 31
24 [label="204,216,475,494,506,536:3"]
24 -> 35
24 -> 35
24 -> 35
24 -> 32
24 -> 35
24 -> 32
25 [label="12,14,35,60,62,210,288,357,397,403,472,492:3"]
25 -> 38
25 -> 36
25 -> 37
25 -> 38
25 -> 38
25 -> 36
25 -> 36
25 -> 37
25 -> 36
25 -> 39
25 -> 37
25 -> 38
26 [label="389,420,454,463,522,547,582,593:3"]
26 -> 43
26 -> 40
26 -> 41
26 -> 42
26 -> 42
26 -> 42
26 -> 41
26 -> 41
27 [label="55,64,140,171,235,302,431,502,518,542:3"]
27 -> 44
27 -> 44
27 -> 46
27 -> 46
27 -> 47
27 -> 44
27 -> 45
27 -> 46
27 -> 44
27 -> 45
28 [label="82,104,148,166,197,245,261,284,326,346,416,457,485:3"]
28 -> 48
28 -> 48
28 -> 51
28 -> 51
28 -> 48
28 -> 50
28 -> 51
28 -> 50
28 -> 48
28 -> 51
28 -> 51
28 -> 48
28 -> 48
29 [label="2,38,40,76,128,175,243,306,405,434,580,585:3"]
29 -> 53
29 -> 55
29 -> 53
29 -> 52
29 -> 55
29 -> 52
29 -> 55
29 -> 52
29 -> 53
29 -> 52
29 -> 54
29 -> 53
30 [label="48,121,124,156,258,269,363,372:3"]
30 -> 57
30 -> 57
30 -> 59
30 -> 56
30 -> 57
30 -> 59
30 -> 59
30 -> 59
31 [label="20,51,86,130,223,255,354,445,482,526:3"]
31 -> 61
31 -> 63
31 -> 62
31 -> 63
31 -> 62
31 -> 61
31 -> 61
31 -> 60
31 -> 61
31 -> 60
32 [label="187,495,537,556,567:3"]
32 -> 1
32 -> 0
32 -> 3
32 -> 0
32 -> 1
33 [label="9,115,145,333,387,395,422:3"]
33 -> 5
33 -> 5
33 -> 5
33 -> 5
33 -> 6
33 -> 6
33 -> 5
34 [label="248,319,563,577:3"]
34 -> 11
34 -> 9
34 -> 10
34 -> 9
35 [label="153,158,205,217,266,295,313,476,507,530:3"]
35 -> 13
35 -> 15
35 -> 15
35 -> 14
35 -> 13
35 -> 13
35 -> 12
35 -> 14
35 -> 14
35 -> 12
36 [label="15,101,110,211,289,321,398,438,467,553,595,599:3"]
36 -> 16
36 -> 17
36 -> 16
36 -> 18
36 -> 19
36 -> 16
36 -> 17
36 -> 17
36 -> 16
36 -> 18
36 -> 19
36 -> 64
37 [label="36,231,253,279,344,358,411,473,479:3"]
37 -> 23
37 -> 20
37 -> 23
37 -> 20
37 -> 23
37 -> 20
37 -> 20
37 -> 22
37 -> 21
38 [label="13,59,61,63,215,287,453,462,491,493,505,535,541,592:3"]
38 -> 25
38 -> 25
38 -> 25
38 -> 27
38 -> 24
38 -> 25
38 -> 26
38 -> 26
38 -> 25
38 -> 24
38 -> 24
38 -> 24
38 -> 27
38 -> 26
39 [label="1,19,47,50,81,123,174,260,404,456,525,579,584:3"]
39 -> 29
39 -> 31
39 -> 30
39 -> 31
39 -> 28
39 -> 30
39 -> 29
39 -> 28
39 -> 29
39 -> 28
39 -> 31
39 -> 29
39 -> 29
40 [label="114,332,394,421,562,566,576:3"]
40 -> 33
40 -> 33
40 -> 33
40 -> 33
40 -> 34
40 -> 32
40 -> 34
41 [label="46,214,252,455,466,490,524,534,552,583,594:3"]
41 -> 39
41 -> 38
41 -> 37
41 -> 39
41 -> 36
41 -> 38
41 -> 39
41 -> 38
41 -> 36
41 -> 39
41 -> 36
42 [label="464,465,489,523,548,549,550,551,561,565:3"]
42 -> 42
42 -> 41
42 -> 41
42 -> 41
42 -> 42
42 -> 42
42 -> 42
42 -> 41
42 -> 40
42 -> 40
43 [label="89,220,226,390:3"]
43 -> 44
43 -> 45
43 -> 46
43 -> 44
44 [label="56,65,90,181,271,303,365,391,428,519:3"]
44 -> 50
44 -> 48
44 -> 48
44 -> 51
44 -> 49
44 -> 49
44 -> 51
44 -> 50
44 -> 49
44 -> 49
45 [label="126,221,432,543:3"]
45 -> 55
45 -> 55
45 -> 55
45 -> 52
46 [label="26,99,141,143,172,227,229,250,293,449,451,503:3"]
46 -> 59
46 -> 57
46 -> 59
46 -> 56
46 -> 57
46 -> 59
46 -> 57
46 -> 58
46 -> 56
46 -> 59
46 -> 57
46 -> 57
47 [label="28,70,236,339,374,380,510:3"]
47 -> 60
47 -> 60
47 -> 63
47 -> 60
47 -> 63
47 -> 61
47 -> 63
48 [label="66,83,91,105,198,315,327,341,377,458,486,573:3"]
48 -> 3
48 -> 1
48 -> 1
48 -> 3
48 -> 1
48 -> 0
48 -> 1
48 -> 2
48 -> 2
48 -> 3
48 -> 2
48 -> 2
49 [label="32,72,134,169,272,304,429,520:3"]
49 -> 5
49 -> 4
49 -> 5
49 -> 6
49 -> 4
49 -> 7
49 -> 6
49 -> 6
50 [label="57,108,151,185,246,285,392,447,528,532,590:3"]
50 -> 9
50 -> 9
50 -> 8
50 -> 8
50 -> 8
50 -> 9
50 -> 10
50 -> 11
50 -> 8
50 -> 10
50 -> 9
51 [label="30,149,163,167,182,239,262,276,347,366,417,499:3"]
51 -> 12
51 -> 12
51 -> 13
51 -> 12
51 -> 15
51 -> 15
51 -> 15
51 -> 14
51 -> 15
51 -> 15
51 -> 13
51 -> 13
52 [label="77,96,176,297,307,350,435,513,544:3"]
52 -> 19
52 -> 18
52 -> 16
52 -> 19
52 -> 17
52 -> 16
52 -> 18
52 -> 17
52 -> 17
53 [label="3,22,41,208,382,406,586:3"]
53 -> 20
53 -> 20
53 -> 20
53 -> 22
53 -> 20
53 -> 20
53 -> 20
54 [label="54,203,301,356,419,471,501,581:3"]
54 -> 27
54 -> 24
54 -> 27
54 -> 25
54 -> 26
54 -> 25
54 -> 27
54 -> 26
55 [label="39,127,129,155,165,196,222,242,244,257,268,325,362,371,433,484:3"]
55 -> 29
55 -> 29
55 -> 31
55 -> 30
55 -> 28
55 -> 28
55 -> 31
55 -> 29
55 -> 28
55 -> 30
55 -> 30
55 -> 28
55 -> 30
55 -> 30
55 -> 29
55 -> 28
56 [label="144,157,265,294,312,386:3"]
56 -> 33
56 -> 35
56 -> 35
56 -> 35
56 -> 35
56 -> 33
57 [label="49,80,100,122,173,230,259,278,452,461,478,504,540,598:3"]
57 -> 39
57 -> 39
57 -> 36
57 -> 39
57 -> 39
57 -> 37
57 -> 39
57 -> 37
57 -> 38
57 -> 38
57 -> 37
57 -> 38
57 -> 38
57 -> 36
58 [label="88,219,225,251,560:3"]
58 -> 43
58 -> 43
58 -> 43
58 -> 41
58 -> 42
59 [label="27,69,125,142,180,228,270,292,364,373,450,509:3"]
59 -> 47
59 -> 47
59 -> 45
59 -> 46
59 -> 44
59 -> 46
59 -> 44
59 -> 46
59 -> 44
59 -> 47
59 -> 46
59 -> 47
60 [label="29,71,133,162,184,238,340,376,446,527:3"]
60 -> 51
60 -> 49
60 -> 49
60 -> 51
60 -> 50
60 -> 51
60 -> 48
60 -> 48
60 -> 50
60 -> 50
61 [label="21,53,207,241,256,300,349,355,370,381,483,512:3"]
61 -> 53
61 -> 54
61 -> 53
61 -> 55
61 -> 55
61 -> 54
61 -> 52
61 -> 54
61 -> 55
61 -> 53
61 -> 55
61 -> 52
62 [label="87,224,264:3"]
62 -> 58
62 -> 58
62 -> 56
63 [label="52,131,132,160,161,237,368,369,375,511:3"]
63 -> 61
63 -> 63
63 -> 60
63 -> 63
63 -> 60
63 -> 60
63 -> 63
63 -> 61
63 -> 60
63 -> 61
64 [label="600:3"]