3 5 1 1
3 6 1 2
3 7 30 7
3 37 28 37
3 65 42 65
3 107 24 107
3 131 34 131
3 165 31 165
3 196 30 196
3 226 26 226
3 252 36 252
3 288 34 288
3 322 28 322
3 350 33 350
3 383 31 383
3 414 23 414
3 437 31 437
3 468 34 468
3 503 35 503
3 538 29 538
3 567 31 567
3 598 31 598
3 629 28 629
3 657 28 657
3 685 22 685
3 707 20 707
3 727 22 727
3 749 30 749
3 779 27 779
3 806 27 806
3 833 26 833
3 859 27 859
3 886 23 886
3 909 34 909
3 943 28 943
3 971 35 971
3 1006 32 1006
3 1038 32 1038
3 1070 1 0
3 1071 36 1071
3 1107 22 1107
3 1129 26 1129
3 1155 30 1155
3 1185 37 1185
3 1222 25 1222
3 1247 29 1247
3 1276 20 1276
3 1296 25 1296
3 1321 24 1321
3 1345 15 1345
3 1360 34 1360
3 1394 33 1394
3 1427 29 1427
3 1456 26 1456
3 1482 32 1482
3 1514 28 1514
3 1542 16 1542
3 1558 28 1558
3 1586 33 1586
3 1619 31 1619
3 1650 26 1650
3 1676 27 1676
3 1703 18 1703
3 1721 38 1721
3 1759 31 1759
3 1790 33 1790
3 1823 41 1823
